Component: ARM Compiler 5.06 update 5 (build 528) Tool: armlink [4d35e2]

==============================================================================

Section Cross References

    main.o(i.__sti___8_main_cpp_sys) refers to lib.o(i._ZN7cSystemC1Eh) for cSystem::cSystem(unsigned char)
    main.o(i.__sti___8_main_cpp_sys) refers to lib.o(i._ZN10cHwTimer_NC1ENS_7TimerIdEj) for cHwTimer_N::cHwTimer_N(cHwTimer_N::TimerId, unsigned)
    main.o(i.__sti___8_main_cpp_sys) refers to lib.o(i._ZN9cHwPort_NC1ENS_6PortIdE) for cHwPort_N::cHwPort_N(cHwPort_N::PortId)
    main.o(i.__sti___8_main_cpp_sys) refers to lib.o(i._ZN8cHwADC_0C1EP8cHwTimer) for cHwADC_0::cHwADC_0(cHwTimer*)
    main.o(i.__sti___8_main_cpp_sys) refers to lib.o(i._ZN14cHwSPImaster_NC1ENS_6SPI_IDEN12cHwSPImaster4MODEENS1_11ClockPolPhaE) for cHwSPImaster_N::cHwSPImaster_N(cHwSPImaster_N::SPI_ID, cHwSPImaster::MODE, cHwSPImaster::ClockPolPha)
    main.o(i.__sti___8_main_cpp_sys) refers to main.o(i._ZN12cHwSPImaster6DeviceC1ERS_R7cHwPorth) for cHwSPImaster::Device::Device(cHwSPImaster&, cHwPort&, unsigned char)
    main.o(i.__sti___8_main_cpp_sys) refers to disp_dip204spi.o(i._ZN17cHwDisp_DIP204spiC1ERN12cHwSPImaster6DeviceE) for cHwDisp_DIP204spi::cHwDisp_DIP204spi(cHwSPImaster::Device&)
    main.o(i.__sti___8_main_cpp_sys) refers to lib.o(i._ZN15cDevDisplayCharC1ER10cHwDisplay) for cDevDisplayChar::cDevDisplayChar(cHwDisplay&)
    main.o(i.__sti___8_main_cpp_sys) refers to lib.o(i._ZN11cDevDigitalC1ER7cHwPorthNS_4ModeEb) for cDevDigital::cDevDigital(cHwPort&, unsigned char, cDevDigital::Mode, bool)
    main.o(i.__sti___8_main_cpp_sys) refers to lib.o(i._ZN28cDevControlEncoderRotaryKnobC1EP11cDevDigitalS1_S1_P8cHwTimer) for cDevControlEncoderRotaryKnob::cDevControlEncoderRotaryKnob(cDevDigital*, cDevDigital*, cDevDigital*, cHwTimer*)
    main.o(i.__sti___8_main_cpp_sys) refers to main.o(i._ZN5MotorC1ER11cDevDigitalS1_) for Motor::Motor(cDevDigital&, cDevDigital&)
    main.o(i.__sti___8_main_cpp_sys) refers to main.o(i._ZN8PositionC1ER11cDevDigitalS1_) for Position::Position(cDevDigital&, cDevDigital&)
    main.o(i.__sti___8_main_cpp_sys) refers to main.o(i._ZN5AchseC1ER8PositionR5Motor) for Achse::Achse(Position&, Motor&)
    main.o(i.__sti___8_main_cpp_sys) refers to lib.o(i._ZN8cHwRTC_0C1Ev) for cHwRTC_0::cHwRTC_0()
    main.o(i.__sti___8_main_cpp_sys) refers to lib.o(i._ZN12cTaskHandlerC1EP8cHwTimer) for cTaskHandler::cTaskHandler(cHwTimer*)
    main.o(i.__sti___8_main_cpp_sys) refers to lib.o(i._ZN12cTaskHandler4TaskC2ERS_) for cTaskHandler::Task::Task__sub_object(cTaskHandler&)
    main.o(i.__sti___8_main_cpp_sys) refers to main.o(t._ZN8cRTOS_RRILh3EEC1Ej) for cRTOS_RR<(unsigned char)3>::cRTOS_RR(unsigned)
    main.o(i.__sti___8_main_cpp_sys) refers to rtos.o(i._ZN5cRTOS4TaskC2ERS_j) for cRTOS::Task::Task__sub_object(cRTOS&, unsigned)
    main.o(i.__sti___8_main_cpp_sys) refers to rtos.o(i._ZN5cRTOS5TimerC1Et) for cRTOS::Timer::Timer(unsigned short)
    main.o(i.__sti___8_main_cpp_sys) refers to rtos.o(i._ZN5cRTOS4Task5StartEv) for cRTOS::Task::Start()
    main.o(i.__sti___8_main_cpp_sys) refers to aeabi_atexit.o(.text) for __aeabi_atexit
    main.o(i.__sti___8_main_cpp_sys) refers to main.o(.data) for sys
    main.o(i.__sti___8_main_cpp_sys) refers to main.o(.bss) for timerFast
    main.o(i.__sti___8_main_cpp_sys) refers to main.o(.constdata__ZTV13cTask_Example) for vtable for cTask_Example
    main.o(i.__sti___8_main_cpp_sys) refers to main.o(.constdata__ZTV17cRtosTask_Example) for vtable for cRtosTask_Example
    main.o(i.__sti___8_main_cpp_sys) refers to main.o(i._ZN17cRtosTask_ExampleD1Ev) for cRtosTask_Example::~cRtosTask_Example()
    main.o(i.main) refers to lib.o(i._ZN15cDevDisplayChar6printfEhhhPKcz) for cDevDisplayChar::printf(unsigned char, unsigned char, unsigned char, const char*, ...)
    main.o(i.main) refers to lib.o(i._ZN18cDevControlEncoder3getEv) for cDevControlEncoder::get()
    main.o(i.main) refers to main.o(i._ZN11cDevDigital8getEventEv) for cDevDigital::getEvent()
    main.o(i.main) refers to lib.o(i._ZN11cDevDigital3getEv) for cDevDigital::get()
    main.o(i.main) refers to lib.o(i._ZN15cDevDisplayChar5clearEv) for cDevDisplayChar::clear()
    main.o(i.main) refers to main.o(i._ZN11InduRoboter7routineEv) for InduRoboter::routine()
    main.o(i.main) refers to main.o(i._ZN11InduRoboter16goToNullPositionEb) for InduRoboter::goToNullPosition(bool)
    main.o(i.main) refers to main.o(i._ZN5Motor4stopEv) for Motor::stop()
    main.o(i.main) refers to main.o(i._ZN5Motor9moveRightEv) for Motor::moveRight()
    main.o(i.main) refers to main.o(i._ZN5Motor8moveLeftEv) for Motor::moveLeft()
    main.o(i.main) refers to main.o(.data) for rtc
    main.o(i.main) refers to main.o(.bss) for enc
    main.o(.ARM.exidx) refers to main.o(i.main) for i.main
    main.o(.ARM.exidx) refers to main.o(i.__sti___8_main_cpp_sys) for i.__sti___8_main_cpp_sys
    main.o(.data) refers to main.o(.bss) for adc0
[...]
    _printf_wchar                            0x08001171   Thumb Code    16  _printf_wchar.o(.text)
    _printf_wstring                          0x08001181   Thumb Code     8  _printf_wchar.o(.text)
    _wcrtomb                                 0x08001189   Thumb Code    64  _wcrtomb.o(.text)
    __sig_exit                               0x080011c9   Thumb Code    10  defsig_exit.o(.text)
    __rt_SIGABRT_inner                       0x080011d5   Thumb Code    14  defsig_abrt_inner.o(.text)
    __rt_SIGRTMEM                            0x08001205   Thumb Code    14  defsig_rtmem_outer.o(.text)
    __user_setup_stackheap                   0x08001213   Thumb Code    74  sys_stackheap_outer.o(.text)
    __rt_ctype_table                         0x0800125d   Thumb Code    16  rt_ctype_table.o(.text)
    __rt_locale                              0x0800126d   Thumb Code     8  rt_locale_intlibspace.o(.text)
    _printf_fp_infnan                        0x08001275   Thumb Code   112  _printf_fp_infnan.o(.text)
    _btod_etento                             0x080012f5   Thumb Code   224  bigflt0.o(.text)
    exit                                     0x080013d9   Thumb Code    18  exit.o(.text)
    __default_signal_display                 0x080013eb   Thumb Code    50  defsig_general.o(.text)
    __rt_SIGRTMEM_inner                      0x0800141d   Thumb Code    22  defsig_rtmem_inner.o(.text)
    _ttywrch                                 0x0800146d   Thumb Code    14  sys_wrch.o(.text)
    strcmp                                   0x0800147d   Thumb Code   128  strcmpv7m.o(.text)
    _btod_d2e                                0x080014fd   Thumb Code    62  btod.o(CL$$btod_d2e)
    _d2e_denorm_low                          0x0800153b   Thumb Code    70  btod.o(CL$$btod_d2e_denorm_low)
    _d2e_norm_op1                            0x08001581   Thumb Code    96  btod.o(CL$$btod_d2e_norm_op1)
    __btod_div_common                        0x080015e1   Thumb Code   696  btod.o(CL$$btod_div_common)
    _e2e                                     0x08001919   Thumb Code   220  btod.o(CL$$btod_e2e)
    _btod_ediv                               0x080019f5   Thumb Code    42  btod.o(CL$$btod_ediv)
    _btod_emul                               0x08001a1f   Thumb Code    42  btod.o(CL$$btod_emul)
    __btod_mult_common                       0x08001a49   Thumb Code   580  btod.o(CL$$btod_mult_common)
    ADC1_IRQHandler                          0x08001c8d   Thumb Code    30  lib.o(i.ADC1_IRQHandler)
    PendSV_Handler                           0x08001cb5   Thumb Code    36  lib.o(i.PendSV_Handler)
    SysTick_Handler                          0x08001ce1   Thumb Code    46  lib.o(i.SysTick_Handler)
    SystemInit                               0x08001d1d   Thumb Code   300  lib.o(i.SystemInit)
    TIM2_IRQHandler                          0x08001e61   Thumb Code    12  lib.o(i.TIM2_IRQHandler)
    TIM3_IRQHandler                          0x08001e71   Thumb Code    12  lib.o(i.TIM3_IRQHandler)
    TIM4_IRQHandler                          0x08001e81   Thumb Code    12  lib.o(i.TIM4_IRQHandler)
    TIM5_IRQHandler                          0x08001e91   Thumb Code    12  lib.o(i.TIM5_IRQHandler)
    TIM6_IRQHandler                          0x08001ea1   Thumb Code    12  lib.o(i.TIM6_IRQHandler)
    TIM7_IRQHandler                          0x08001eb1   Thumb Code    12  lib.o(i.TIM7_IRQHandler)
    USART1_IRQHandler                        0x08001ec1   Thumb Code    12  lib.o(i.USART1_IRQHandler)
    USART2_IRQHandler                        0x08001ed1   Thumb Code    12  lib.o(i.USART2_IRQHandler)
    USART3_IRQHandler                        0x08001ee1   Thumb Code    12  lib.o(i.USART3_IRQHandler)
    USB_LP_IRQHandler                        0x08001ef1   Thumb Code    12  lib.o(i.USB_LP_IRQHandler)
    cHwDisplay::cHwDisplay__sub_object(unsigned char, unsigned char) 0x08001f1d   Thumb Code    10  lib.o(i._ZN10cHwDisplayC2Ehh)
    cHwTimer_N::isr()                        0x08001f2d   Thumb Code    20  lib.o(i._ZN10cHwTimer_N3isrEv)
    cHwTimer_N::cHwTimer_N(cHwTimer_N::TimerId, unsigned) 0x08001f41   Thumb Code   390  lib.o(i._ZN10cHwTimer_NC1ENS_7TimerIdEj)
    cHwTimer_N::cHwTimer_N__sub_object(cHwTimer_N::TimerId, unsigned) 0x08001f41   Thumb Code     0  lib.o(i._ZN10cHwTimer_NC1ENS_7TimerIdEj)
    InduRoboter::goToNullPosition(bool)      0x08002119   Thumb Code   308  main.o(i._ZN11InduRoboter16goToNullPositionEb)
    InduRoboter::isOnNullPosition(bool)      0x08002255   Thumb Code    92  main.o(i._ZN11InduRoboter16isOnNullPositionEb)
    InduRoboter::routine()                   0x080022b1   Thumb Code   206  main.o(i._ZN11InduRoboter7routineEv)
    InduRoboter::MoveToPos(int, int, int)    0x08002391   Thumb Code   344  main.o(i._ZN11InduRoboter9MoveToPosEiii)
    cDevDigital::get()                       0x080024f1   Thumb Code    26  lib.o(i._ZN11cDevDigital3getEv)
    cDevDigital::set(bool)                   0x0800250b   Thumb Code    32  lib.o(i._ZN11cDevDigital3setEb)
    cDevDigital::getEvent()                  0x0800252b   Thumb Code    40  main.o(i._ZN11cDevDigital8getEventEv)
    cDevDigital::cDevDigital(cHwPort&, unsigned char, cDevDigital::Mode, bool) 0x08002555   Thumb Code    68  lib.o(i._ZN11cDevDigitalC1ER7cHwPorthNS_4ModeEb)
    cDevDigital::cDevDigital__sub_object(cHwPort&, unsigned char, cDevDigital::Mode, bool) 0x08002555   Thumb Code     0  lib.o(i._ZN11cDevDigitalC1ER7cHwPorthNS_4ModeEb)
    cDevDisplay::cDevDisplay__sub_object()   0x0800259d   Thumb Code     6  lib.o(i._ZN11cDevDisplayC2Ev)
    cHwRTOS_MCU::deleteFunc()                0x080025a9   Thumb Code     4  rtos.o(i._ZN11cHwRTOS_MCU10deleteFuncEv)
    cHwRTOS_MCU::getSysTime()                0x080025ad   Thumb Code    30  rtos.o(i._ZN11cHwRTOS_MCU10getSysTimeEv)
    cHwRTOS_MCU::start(char*, unsigned, void*, unsigned(*)(void*)) 0x080025d5   Thumb Code   102  rtos.o(i._ZN11cHwRTOS_MCU5startEPcjPvPFjS1_E)
    cHwPinConfig::set(cHwPinConfig::Function, unsigned) 0x08002641   Thumb Code   124  lib.o(i._ZN12cHwPinConfig3setENS_8FunctionEj)
    cHwPinConfig::set(GPIO_TypeDef*, unsigned char, unsigned, unsigned char) 0x080026c9   Thumb Code   198  lib.o(i._ZN12cHwPinConfig3setEP12GPIO_TypeDefhjh)
    cHwSPImaster::Device::transceive(unsigned char*, unsigned short) 0x0800278f   Thumb Code    58  lib.o(i._ZN12cHwSPImaster6Device10transceiveEPht)
    cHwSPImaster::Device::stop()             0x080027c9   Thumb Code    14  lib.o(i._ZN12cHwSPImaster6Device4stopEv)
    cHwSPImaster::Device::start()            0x080027d7   Thumb Code    14  lib.o(i._ZN12cHwSPImaster6Device5startEv)
    cHwSPImaster::Device::Device(cHwSPImaster&, cHwPort&, unsigned char) 0x080027e5   Thumb Code    72  main.o(i._ZN12cHwSPImaster6DeviceC1ERS_R7cHwPorth)
    cHwSPImaster::Device::Device__sub_object(cHwSPImaster&, cHwPort&, unsigned char) 0x080027e5   Thumb Code     0  main.o(i._ZN12cHwSPImaster6DeviceC1ERS_R7cHwPorth)
    cHwSPImaster::cHwSPImaster__sub_object() 0x08002831   Thumb Code     6  lib.o(i._ZN12cHwSPImasterC2Ev)
    cTaskHandler::Task::Task__sub_object(cTaskHandler&) 0x0800283d   Thumb Code    34  lib.o(i._ZN12cTaskHandler4TaskC2ERS_)
    cTaskHandler::update()                   0x08002865   Thumb Code     8  lib.o(i._ZN12cTaskHandler6updateEv)
    cTaskHandler::addTask(cTaskHandler::Task*) 0x0800286d   Thumb Code    34  lib.o(i._ZN12cTaskHandler7addTaskEPNS_4TaskE)
    cTaskHandler::cTaskHandler(cHwTimer*)    0x08002891   Thumb Code    74  lib.o(i._ZN12cTaskHandlerC1EP8cHwTimer)
    cTaskHandler::cTaskHandler__sub_object(cHwTimer*) 0x08002891   Thumb Code     0  lib.o(i._ZN12cTaskHandlerC1EP8cHwTimer)
    cTask_Example::update()                  0x080028e1   Thumb Code     8  main.o(i._ZN13cTask_Example6updateEv)
    cHwSPImaster_N::transceiveByte(unsigned char) 0x080028e9   Thumb Code    58  lib.o(i._ZN14cHwSPImaster_N14transceiveByteEh)
    cHwSPImaster_N::cHwSPImaster_N(cHwSPImaster_N::SPI_ID, cHwSPImaster::MODE, cHwSPImaster::ClockPolPha) 0x08002925   Thumb Code   318  lib.o(i._ZN14cHwSPImaster_NC1ENS_6SPI_IDEN12cHwSPImaster4MODEENS1_11ClockPolPhaE)
    cHwSPImaster_N::cHwSPImaster_N__sub_object(cHwSPImaster_N::SPI_ID, cHwSPImaster::MODE, cHwSPImaster::ClockPolPha) 0x08002925   Thumb Code     0  lib.o(i._ZN14cHwSPImaster_NC1ENS_6SPI_IDEN12cHwSPImaster4MODEENS1_11ClockPolPhaE)
    cDevDisplayChar::clear()                 0x08002a79   Thumb Code    14  lib.o(i._ZN15cDevDisplayChar5clearEv)
    cDevDisplayChar::printf(unsigned char, unsigned char, unsigned char, const char*, ...) 0x08002a87   Thumb Code   102  lib.o(i._ZN15cDevDisplayChar6printfEhhhPKcz)
    cDevDisplayChar::cDevDisplayChar(cHwDisplay&) 0x08002aed   Thumb Code    32  lib.o(i._ZN15cDevDisplayCharC1ER10cHwDisplay)
    cDevDisplayChar::cDevDisplayChar__sub_object(cHwDisplay&) 0x08002aed   Thumb Code     0  lib.o(i._ZN15cDevDisplayCharC1ER10cHwDisplay)
    cHwDisp_DIP204spi::gotoTextPos(unsigned char, unsigned char) 0x08002b11   Thumb Code    46  disp_dip204spi.o(i._ZN17cHwDisp_DIP204spi11gotoTextPosEhh)
    cHwDisp_DIP204spi::init()                0x08002b3f   Thumb Code    46  disp_dip204spi.o(i._ZN17cHwDisp_DIP204spi4initEv)
    cHwDisp_DIP204spi::clear()               0x08002b6d   Thumb Code    14  disp_dip204spi.o(i._ZN17cHwDisp_DIP204spi5clearEv)
    cHwDisp_DIP204spi::putChar(char)         0x08002b7b   Thumb Code    34  disp_dip204spi.o(i._ZN17cHwDisp_DIP204spi7putCharEc)
    cHwDisp_DIP204spi::waitBusy()            0x08002b9d   Thumb Code    58  disp_dip204spi.o(i._ZN17cHwDisp_DIP204spi8waitBusyEv)
    cHwDisp_DIP204spi::writeCmd(unsigned char) 0x08002bd7   Thumb Code    46  disp_dip204spi.o(i._ZN17cHwDisp_DIP204spi8writeCmdEh)
    cHwDisp_DIP204spi::writeDat(unsigned char) 0x08002c05   Thumb Code    46  disp_dip204spi.o(i._ZN17cHwDisp_DIP204spi8writeDatEh)
    cHwDisp_DIP204spi::cHwDisp_DIP204spi(cHwSPImaster::Device&) 0x08002c35   Thumb Code    34  disp_dip204spi.o(i._ZN17cHwDisp_DIP204spiC1ERN12cHwSPImaster6DeviceE)
    cHwDisp_DIP204spi::cHwDisp_DIP204spi__sub_object(cHwSPImaster::Device&) 0x08002c35   Thumb Code     0  disp_dip204spi.o(i._ZN17cHwDisp_DIP204spiC1ERN12cHwSPImaster6DeviceE)
    cRtosTask_Example::OnStop()              0x08002c5d   Thumb Code     2  main.o(i._ZN17cRtosTask_Example6OnStopEv)
    cRtosTask_Example::update()              0x08002c61   Thumb Code    50  main.o(i._ZN17cRtosTask_Example6updateEv)
    cRtosTask_Example::OnStart()             0x08002c9d   Thumb Code    18  main.o(i._ZN17cRtosTask_Example7OnStartEv)
    cRtosTask_Example::~cRtosTask_Example()  0x08002caf   Thumb Code    16  main.o(i._ZN17cRtosTask_ExampleD1Ev)
    cRtosTask_Example::~cRtosTask_Example__sub_object() 0x08002caf   Thumb Code     0  main.o(i._ZN17cRtosTask_ExampleD1Ev)
    cDevControlEncoder::get()                0x08002cbf   Thumb Code   100  lib.o(i._ZN18cDevControlEncoder3getEv)
    cDevControlEncoder::update()             0x08002d23   Thumb Code   134  lib.o(i._ZN18cDevControlEncoder6updateEv)
    cDevControlEncoder::getCtrl()            0x08002da9   Thumb Code    38  lib.o(i._ZN18cDevControlEncoder7getCtrlEv)
    cDevControlEncoder::cDevControlEncoder__sub_object(cDevDigital*, cHwTimer*) 0x08002dd1   Thumb Code    84  lib.o(i._ZN18cDevControlEncoderC2EP11cDevDigitalP8cHwTimer)
    cDevControlEncoderRotaryKnob::getIncrement() 0x08002e29   Thumb Code   116  lib.o(i._ZN28cDevControlEncoderRotaryKnob12getIncrementEv)
    cDevControlEncoderRotaryKnob::cDevControlEncoderRotaryKnob(cDevDigital*, cDevDigital*, cDevDigital*, cHwTimer*) 0x08002e9d   Thumb Code    42  lib.o(i._ZN28cDevControlEncoderRotaryKnobC1EP11cDevDigitalS1_S1_P8cHwTimer)
    cDevControlEncoderRotaryKnob::cDevControlEncoderRotaryKnob__sub_object(cDevDigital*, cDevDigital*, cDevDigital*, cHwTimer*) 0x08002e9d   Thumb Code     0  lib.o(i._ZN28cDevControlEncoderRotaryKnobC1EP11cDevDigitalS1_S1_P8cHwTimer)
    Achse::goToNullPosition(cDevDisplayChar&) 0x08002ecd   Thumb Code   138  main.o(i._ZN5Achse16goToNullPositionER15cDevDisplayChar)
    Achse::isOnNullPosition()                0x08002f5d   Thumb Code    26  main.o(i._ZN5Achse16isOnNullPositionEv)
    Achse::getM()                            0x08002f77   Thumb Code    10  main.o(i._ZN5Achse4getMEv)
    Achse::move(int)                         0x08002f81   Thumb Code   140  main.o(i._ZN5Achse4moveEi)
    Achse::stop()                            0x0800300d   Thumb Code    28  main.o(i._ZN5Achse4stopEv)
    Achse::getPos()                          0x08003029   Thumb Code     6  main.o(i._ZN5Achse6getPosEv)
    Achse::moveToPos(int, cDevDisplayChar&, int) 0x08003031   Thumb Code   168  main.o(i._ZN5Achse9moveToPosEiR15cDevDisplayChari)
    Achse::Achse(Position&, Motor&)          0x080030dd   Thumb Code     6  main.o(i._ZN5AchseC1ER8PositionR5Motor)
    Achse::Achse__sub_object(Position&, Motor&) 0x080030dd   Thumb Code     0  main.o(i._ZN5AchseC1ER8PositionR5Motor)
    Motor::stop()                            0x080030e3   Thumb Code    26  main.o(i._ZN5Motor4stopEv)
    Motor::moveLeft()                        0x080030fd   Thumb Code    26  main.o(i._ZN5Motor8moveLeftEv)
    Motor::moveRight()                       0x08003117   Thumb Code    26  main.o(i._ZN5Motor9moveRightEv)
    Motor::Motor(cDevDigital&, cDevDigital&) 0x08003131   Thumb Code     6  main.o(i._ZN5MotorC1ER11cDevDigitalS1_)
    Motor::Motor__sub_object(cDevDigital&, cDevDigital&) 0x08003131   Thumb Code     0  main.o(i._ZN5MotorC1ER11cDevDigitalS1_)
    cList::add(cList::Item*)                 0x08003137   Thumb Code    44  lib.o(i._ZN5cList3addEPNS_4ItemE)
    cList::Item::update()                    0x08003163   Thumb Code     2  lib.o(i._ZN5cList4Item6updateEv)
    cList::Item::Item(cList*)                0x08003165   Thumb Code    28  lib.o(i._ZN5cList4ItemC1EPS_)
    cList::Item::Item__sub_object(cList*)    0x08003165   Thumb Code     0  lib.o(i._ZN5cList4ItemC1EPS_)
    cList::updateAll()                       0x08003185   Thumb Code    24  lib.o(i._ZN5cList9updateAllEv)
    cList::cList()                           0x0800319d   Thumb Code     6  lib.o(i._ZN5cListC1Ev)
    cList::cList__sub_object()               0x0800319d   Thumb Code     0  lib.o(i._ZN5cListC1Ev)
    cRTOS::Stop(cRTOS::Task&)                0x080031a5   Thumb Code    44  rtos.o(i._ZN5cRTOS4StopERNS_4TaskE)
    cRTOS::Task::Stop()                      0x080031d5   Thumb Code    30  rtos.o(i._ZN5cRTOS4Task4StopEv)
    cRTOS::Task::Pause(unsigned short)       0x080031f3   Thumb Code    32  rtos.o(i._ZN5cRTOS4Task5PauseEt)
    cRTOS::Task::Start()                     0x08003213   Thumb Code    30  rtos.o(i._ZN5cRTOS4Task5StartEv)
    cRTOS::Task::Finish()                    0x08003231   Thumb Code    34  rtos.o(i._ZN5cRTOS4Task6FinishEv)
    cRTOS::Task::OnStop()                    0x08003253   Thumb Code     2  rtos.o(i._ZN5cRTOS4Task6OnStopEv)
    cRTOS::Task::OnStart()                   0x08003255   Thumb Code     2  rtos.o(i._ZN5cRTOS4Task7OnStartEv)
    cRTOS::Task::starter(void*)              0x08003257   Thumb Code    24  rtos.o(i._ZN5cRTOS4Task7starterEPv)
    cRTOS::Task::Task__sub_object(cRTOS&, unsigned) 0x08003271   Thumb Code    38  rtos.o(i._ZN5cRTOS4TaskC2ERS_j)
    cRTOS::Task::~Task()                     0x0800329d   Thumb Code     0  rtos.o(i._ZN5cRTOS4TaskD2Ev)
    cRTOS::Task::~Task__sub_object()         0x0800329d   Thumb Code    28  rtos.o(i._ZN5cRTOS4TaskD2Ev)
    cRTOS::Pause(cRTOS::Task&)               0x080032bd   Thumb Code    18  rtos.o(i._ZN5cRTOS5PauseERNS_4TaskE)
    cRTOS::Start(cRTOS::Task&)               0x080032d5   Thumb Code    52  rtos.o(i._ZN5cRTOS5StartERNS_4TaskE)
    cRTOS::Timer::getTimeOfTic()             0x0800330d   Thumb Code     8  rtos.o(i._ZN5cRTOS5Timer12getTimeOfTicEv)
    cRTOS::Timer::getTics()                  0x08003315   Thumb Code    10  rtos.o(i._ZN5cRTOS5Timer7getTicsEv)
    cRTOS::Timer::Timer(unsigned short)      0x08003321   Thumb Code    32  rtos.o(i._ZN5cRTOS5TimerC1Et)
    cRTOS::Timer::Timer__sub_object(unsigned short) 0x08003321   Thumb Code     0  rtos.o(i._ZN5cRTOS5TimerC1Et)
    cRTOS::schedule(unsigned, unsigned char) 0x08003345   Thumb Code    34  main.o(i._ZN5cRTOS8scheduleEjh)
    cRTOS::cRTOS__sub_object()               0x0800336d   Thumb Code    10  rtos.o(i._ZN5cRTOSC2Ev)
    cHwADC::isr()                            0x08003381   Thumb Code    88  lib.o(i._ZN6cHwADC3isrEv)
    cHwADC::update()                         0x080033d9   Thumb Code    52  lib.o(i._ZN6cHwADC6updateEv)
    cHwADC::cHwADC__sub_object(unsigned char, cHwTimer*) 0x0800340d   Thumb Code    78  lib.o(i._ZN6cHwADCC2EhP8cHwTimer)
    cHwRTC::cHwRTC__sub_object()             0x08003461   Thumb Code     6  lib.o(i._ZN6cHwRTCC2Ev)
    cTimer::set(unsigned short, unsigned short) 0x0800346d   Thumb Code    36  lib.o(i._ZN6cTimer3setEtt)
    cTimer::start(unsigned short, unsigned short) 0x08003491   Thumb Code    26  lib.o(i._ZN6cTimer5startEtt)
    cTimer::start()                          0x080034ab   Thumb Code    20  lib.o(i._ZN6cTimer5startEv)
    cTimer::timeout()                        0x080034bf   Thumb Code    58  lib.o(i._ZN6cTimer7timeoutEv)
    cTimer::cTimer__sub_object()             0x080034f9   Thumb Code    12  lib.o(i._ZN6cTimerC2Ev)
    Greifer::grab(int, cDevDisplayChar&, int) 0x08003509   Thumb Code    28  main.o(i._ZN7Greifer4grabEiR15cDevDisplayChari)
    Greifer::release(cDevDisplayChar&)       0x08003525   Thumb Code    16  main.o(i._ZN7Greifer7releaseER15cDevDisplayChar)
    cHwPort::Pin::clr()                      0x08003535   Thumb Code    16  lib.o(i._ZN7cHwPort3Pin3clrEv)
    cHwPort::Pin::get()                      0x08003545   Thumb Code    26  lib.o(i._ZN7cHwPort3Pin3getEv)
    cHwPort::Pin::set(bool)                  0x0800355f   Thumb Code    32  lib.o(i._ZN7cHwPort3Pin3setEb)
    cHwPort::Pin::set()                      0x0800357f   Thumb Code    16  lib.o(i._ZN7cHwPort3Pin3setEv)
    cHwPort::Pin::setMode(cHwPort::Mode)     0x0800358f   Thumb Code    20  lib.o(i._ZN7cHwPort3Pin7setModeENS_4ModeE)
    cHwPort::Pin::Pin(cHwPort&, unsigned char) 0x080035a5   Thumb Code    20  lib.o(i._ZN7cHwPort3PinC1ERS_h)
    cHwPort::Pin::Pin__sub_object(cHwPort&, unsigned char) 0x080035a5   Thumb Code     0  lib.o(i._ZN7cHwPort3PinC1ERS_h)
    cSystem::disableWatchdog()               0x080035bd   Thumb Code     2  lib.o(i._ZN7cSystem15disableWatchdogEv)
    cSystem::enableInterrupt()               0x080035c1   Thumb Code    36  lib.o(i._ZN7cSystem15enableInterruptEv)
    cSystem::disableInterrupt()              0x080035e9   Thumb Code    20  lib.o(i._ZN7cSystem16disableInterruptEv)
    cSystem::cSystem(unsigned char)          0x08003601   Thumb Code    20  lib.o(i._ZN7cSystemC1Eh)
    cSystem::cSystem__sub_object(unsigned char) 0x08003601   Thumb Code     0  lib.o(i._ZN7cSystemC1Eh)
    Position::inc()                          0x08003615   Thumb Code    54  main.o(i._ZN8Position3incEv)
    Position::isEnd()                        0x0800364b   Thumb Code    22  main.o(i._ZN8Position5isEndEv)
    Position::getPos()                       0x08003661   Thumb Code     6  main.o(i._ZN8Position6getPosEv)
    Position::Position(cDevDigital&, cDevDigital&) 0x08003667   Thumb Code    16  main.o(i._ZN8PositionC1ER11cDevDigitalS1_)
    Position::Position__sub_object(cDevDigital&, cDevDigital&) 0x08003667   Thumb Code     0  main.o(i._ZN8PositionC1ER11cDevDigitalS1_)
    cHwADC_0::startCh(unsigned char)         0x08003679   Thumb Code    26  lib.o(i._ZN8cHwADC_07startChEh)
    cHwADC_0::getResult()                    0x08003699   Thumb Code    10  lib.o(i._ZN8cHwADC_09getResultEv)
    cHwADC_0::cHwADC_0(cHwTimer*)            0x080036a9   Thumb Code    90  lib.o(i._ZN8cHwADC_0C1EP8cHwTimer)
    cHwADC_0::cHwADC_0__sub_object(cHwTimer*) 0x080036a9   Thumb Code     0  lib.o(i._ZN8cHwADC_0C1EP8cHwTimer)
    cHwRTC_0::get(cHwRTC::Properties&)       0x08003715   Thumb Code   186  lib.o(i._ZN8cHwRTC_03getERN6cHwRTC10PropertiesE)
    cHwRTC_0::cHwRTC_0()                     0x080037d5   Thumb Code   128  lib.o(i._ZN8cHwRTC_0C1Ev)
    cHwRTC_0::cHwRTC_0__sub_object()         0x080037d5   Thumb Code     0  lib.o(i._ZN8cHwRTC_0C1Ev)
    cHwTimer::isrHandler()                   0x08003865   Thumb Code    14  lib.o(i._ZN8cHwTimer10isrHandlerEv)
    cHwTimer::getCycleTime()                 0x08003873   Thumb Code     6  lib.o(i._ZN8cHwTimer12getCycleTimeEv)
    cHwTimer::add(cList::Item*)              0x08003879   Thumb Code    18  lib.o(i._ZN8cHwTimer3addEPN5cList4ItemE)
    cHwUSB_0::isr()                          0x0800388d   Thumb Code   166  lib.o(i._ZN8cHwUSB_03isrEv)
    cHwUSB_0::EPconfig::clrCTR_RX()          0x0800393d   Thumb Code    12  lib.o(i._ZN8cHwUSB_08EPconfig9clrCTR_RXEv)
    cHwUSB_0::EPconfig::clrCTR_TX()          0x08003949   Thumb Code    12  lib.o(i._ZN8cHwUSB_08EPconfig9clrCTR_TXEv)
    cHwPort_N::setPinMode(unsigned char, cHwPort::Mode) 0x08003955   Thumb Code   136  lib.o(i._ZN9cHwPort_N10setPinModeEhN7cHwPort4ModeE)
    cHwPort_N::clr(unsigned)                 0x080039dd   Thumb Code     6  lib.o(i._ZN9cHwPort_N3clrEj)
    cHwPort_N::get()                         0x080039e3   Thumb Code     8  lib.o(i._ZN9cHwPort_N3getEv)
    cHwPort_N::set(unsigned)                 0x080039eb   Thumb Code     6  lib.o(i._ZN9cHwPort_N3setEj)
    cHwPort_N::cHwPort_N(cHwPort_N::PortId)  0x080039f1   Thumb Code   176  lib.o(i._ZN9cHwPort_NC1ENS_6PortIdE)
    cHwPort_N::cHwPort_N__sub_object(cHwPort_N::PortId) 0x080039f1   Thumb Code     0  lib.o(i._ZN9cHwPort_NC1ENS_6PortIdE)
    cHwUART_N::isr()                         0x08003acd   Thumb Code    50  lib.o(i._ZN9cHwUART_N3isrEv)
    operator delete (void*)                  0x08003aff   Thumb Code    14  rtos.o(i._ZdlPv)
    operator new[] (unsigned)                0x08003b0d   Thumb Code    12  lib.o(i._Znaj)
    __ARM_fpclassify                         0x08003b19   Thumb Code    40  fpclassify.o(i.__ARM_fpclassify)
    __cxa_pure_virtual                       0x08003b41   Thumb Code     4  lib.o(i.__cxa_pure_virtual)
    _is_digit                                0x08003f61   Thumb Code    14  __printf_wp.o(i._is_digit)
    main                                     0x08003f71   Thumb Code   486  main.o(i.main)
    _get_lc_numeric                          0x080041d9   Thumb Code    44  lc_numeric_c.o(locale$$code)
    _get_lc_ctype                            0x08004205   Thumb Code    44  lc_ctype_c.o(locale$$code)
    cFifo<cDevControlEncoder::tEvent>::isFull() 0x08004231   Thumb Code    32  lib.o(t._ZN5cFifoIN18cDevControlEncoder6tEventEE6isFullEv)
    cFifo<cDevControlEncoder::tEvent>::operator <<(const cDevControlEncoder::tEvent&) 0x08004251   Thumb Code    64  lib.o(t._ZN5cFifoIN18cDevControlEncoder6tEventEElsERKS1_)
    cRTOS_RR<(unsigned char)3>::add(unsigned) 0x08004291   Thumb Code    52  main.o(t._ZN8cRTOS_RRILh3EE3addEj)
    cRTOS_RR<(unsigned char)3>::del(int)     0x080042c5   Thumb Code    28  main.o(t._ZN8cRTOS_RRILh3EE3delEi)
    cRTOS_RR<(unsigned char)3>::get(int)     0x080042e1   Thumb Code    10  main.o(t._ZN8cRTOS_RRILh3EE3getEi)
    cRTOS_RR<(unsigned char)3>::scheduler(unsigned, bool) 0x080042eb   Thumb Code    88  main.o(t._ZN8cRTOS_RRILh3EE9schedulerEjb)
    cRTOS_RR<(unsigned char)3>::cRTOS_RR(unsigned) 0x08004345   Thumb Code   130  main.o(t._ZN8cRTOS_RRILh3EEC1Ej)
    cRTOS_RR<(unsigned char)3>::cRTOS_RR__sub_object(unsigned) 0x08004345   Thumb Code     0  main.o(t._ZN8cRTOS_RRILh3EEC1Ej)
    __aeabi_d2f                              0x080043e1   Thumb Code     0  d2f.o(x$fpl$d2f)
    _d2f                                     0x080043e1   Thumb Code    98  d2f.o(x$fpl$d2f)
    __aeabi_dadd                             0x08004445   Thumb Code     0  daddsub_clz.o(x$fpl$dadd)
    _dadd                                    0x08004445   Thumb Code   332  daddsub_clz.o(x$fpl$dadd)
    __aeabi_ddiv                             0x08004595   Thumb Code     0  ddiv.o(x$fpl$ddiv)
    _ddiv                                    0x08004595   Thumb Code   552  ddiv.o(x$fpl$ddiv)
    __aeabi_d2uiz                            0x08004845   Thumb Code     0  dfixu.o(x$fpl$dfixu)
    _dfixu                                   0x08004845   Thumb Code    90  dfixu.o(x$fpl$dfixu)
    __aeabi_ui2d                             0x0800489f   Thumb Code     0  dflt_clz.o(x$fpl$dfltu)
    _dfltu                                   0x0800489f   Thumb Code    38  dflt_clz.o(x$fpl$dfltu)
    __aeabi_dmul                             0x080048c5   Thumb Code     0  dmul.o(x$fpl$dmul)
    _dmul                                    0x080048c5   Thumb Code   332  dmul.o(x$fpl$dmul)
    __fpl_dnaninf                            0x08004a19   Thumb Code   156  dnaninf.o(x$fpl$dnaninf)
    __fpl_dretinf                            0x08004ab5   Thumb Code    12  dretinf.o(x$fpl$dretinf)
    __aeabi_dsub                             0x08004ac1   Thumb Code     0  daddsub_clz.o(x$fpl$dsub)
    _dsub                                    0x08004ac1   Thumb Code   464  daddsub_clz.o(x$fpl$dsub)
    __aeabi_f2d                              0x08004c95   Thumb Code     0  f2d.o(x$fpl$f2d)
    _f2d                                     0x08004c95   Thumb Code    86  f2d.o(x$fpl$f2d)
    __fpl_fcmp_Inf                           0x08004ceb   Thumb Code    24  fcmpi.o(x$fpl$fcmpinf)
    __aeabi_fdiv                             0x08004d05   Thumb Code     0  fdiv.o(x$fpl$fdiv)
    _fdiv                                    0x08004d05   Thumb Code   384  fdiv.o(x$fpl$fdiv)
    __aeabi_f2uiz                            0x08004e89   Thumb Code     0  ffixu.o(x$fpl$ffixu)
    _ffixu                                   0x08004e89   Thumb Code    62  ffixu.o(x$fpl$ffixu)
    __aeabi_ui2f                             0x08004ec9   Thumb Code     0  fflt_clz.o(x$fpl$ffltu)
    _ffltu                                   0x08004ec9   Thumb Code    38  fflt_clz.o(x$fpl$ffltu)
    __aeabi_cfcmple                          0x08004ef1   Thumb Code     0  fleqf.o(x$fpl$fleqf)
    _fcmple                                  0x08004ef1   Thumb Code   104  fleqf.o(x$fpl$fleqf)
    __fpl_fcmple_InfNaN                      0x08004f43   Thumb Code     0  fleqf.o(x$fpl$fleqf)
    __aeabi_fmul                             0x08004f59   Thumb Code     0  fmul.o(x$fpl$fmul)
    _fmul                                    0x08004f59   Thumb Code   258  fmul.o(x$fpl$fmul)
    __fpl_fnaninf                            0x0800505b   Thumb Code   140  fnaninf.o(x$fpl$fnaninf)
    __fpl_fretinf                            0x080050e7   Thumb Code    10  fretinf.o(x$fpl$fretinf)
    __aeabi_cfrcmple                         0x080050f1   Thumb Code     0  frleqf.o(x$fpl$frleqf)
    _frcmple                                 0x080050f1   Thumb Code    98  frleqf.o(x$fpl$frleqf)
    _printf_fp_dec                           0x08005153   Thumb Code     4  printf1.o(x$fpl$printf1)
    __I$use$fp                               0x08005156   Number         0  usenofp.o(x$fpl$usenofp)
    vtable for cHwDisplay                    0x08005230   Data          32  lib.o(.constdata__ZTV10cHwDisplay)
    vtable for cHwTimer_N                    0x08005250   Data          28  lib.o(.constdata__ZTV10cHwTimer_N)
    vtable for cDevDigital                   0x0800526c   Data          48  lib.o(.constdata__ZTV11cDevDigital)
    vtable for cDevDisplay                   0x0800529c   Data          20  lib.o(.constdata__ZTV11cDevDisplay)
    vtable for cHwSPImaster                  0x080052b0   Data          16  lib.o(.constdata__ZTV12cHwSPImaster)
    vtable for cTaskHandler                  0x080052c0   Data          28  lib.o(.constdata__ZTV12cTaskHandler)
    vtable for cTask_Example                 0x080052dc   Data          12  main.o(.constdata__ZTV13cTask_Example)
    vtable for cHwSPImaster_N                0x080052e8   Data          16  lib.o(.constdata__ZTV14cHwSPImaster_N)
    vtable for cDevDisplayChar               0x080052f8   Data          24  lib.o(.constdata__ZTV15cDevDisplayChar)
    vtable for cHwDisp_DIP204spi             0x08005310   Data          32  disp_dip204spi.o(.constdata__ZTV17cHwDisp_DIP204spi)
    vtable for cRtosTask_Example             0x08005330   Data          48  main.o(.constdata__ZTV17cRtosTask_Example)
    vtable for cDevControlEncoder            0x08005360   Data          20  lib.o(.constdata__ZTV18cDevControlEncoder)
    vtable for cDevControlEncoderRotaryKnob  0x08005374   Data          20  lib.o(.constdata__ZTV28cDevControlEncoderRotaryKnob)
    vtable for cRTOS                         0x08005388   Data          24  rtos.o(.constdata__ZTV5cRTOS)
    vtable for cHwADC                        0x080053a0   Data          40  lib.o(.constdata__ZTV6cHwADC)
    vtable for cHwRTC                        0x080053c8   Data          16  lib.o(.constdata__ZTV6cHwRTC)
    vtable for cTimer                        0x080053d8   Data          16  lib.o(.constdata__ZTV6cTimer)
    vtable for cHwPort                       0x080053e8   Data          32  lib.o(.constdata__ZTV7cHwPort)
    vtable for cHwADC_0                      0x08005408   Data          40  lib.o(.constdata__ZTV8cHwADC_0)
    vtable for cHwRTC_0                      0x08005430   Data          16  lib.o(.constdata__ZTV8cHwRTC_0)
    vtable for cHwTimer                      0x08005440   Data          28  lib.o(.constdata__ZTV8cHwTimer)
    vtable for cRTOS_RR<(unsigned char)3>    0x0800545c   Data          24  main.o(.constdata__ZTV8cRTOS_RRILh3EE)
    vtable for cHwPort_N                     0x08005474   Data          32  lib.o(.constdata__ZTV9cHwPort_N)
    vtable for cHwSPImaster::Device          0x08005494   Data          44  lib.o(.constdata__ZTVN12cHwSPImaster6DeviceE)
    vtable for cTaskHandler::Task            0x080054c0   Data          12  lib.o(.constdata__ZTVN12cTaskHandler4TaskE)
    vtable for cList::Item                   0x080054cc   Data          12  lib.o(.constdata__ZTVN5cList4ItemE)
    vtable for cRTOS::Task                   0x080054d8   Data          48  rtos.o(.constdata__ZTVN5cRTOS4TaskE)
    vtable for cRTOS::Timer                  0x08005508   Data          16  rtos.o(.constdata__ZTVN5cRTOS5TimerE)
    vtable for cHwPort::Pin                  0x08005518   Data          28  lib.o(.constdata__ZTVN7cHwPort3PinE)
    InduRoboter::goToNullPosition(bool)::string 0x08005534   Data          17  main.o(.constdata__ZZN11InduRoboter16goToNullPositionEbEs)
    InduRoboter::goToNullPosition(bool)::string (instance 2) 0x08005545   Data          20  main.o(.constdata__ZZN11InduRoboter16goToNullPositionEbEs_0)
    InduRoboter::routine()::string           0x08005559   Data          15  main.o(.constdata__ZZN11InduRoboter7routineEvEs)
    InduRoboter::routine()::string (instance 2) 0x08005568   Data          20  main.o(.constdata__ZZN11InduRoboter7routineEvEs_0)
    InduRoboter::routine()::string (instance 3) 0x0800557c   Data          18  main.o(.constdata__ZZN11InduRoboter7routineEvEs_1)
    InduRoboter::routine()::string (instance 4) 0x0800558e   Data           1  main.o(.constdata__ZZN11InduRoboter7routineEvEs_2)
    InduRoboter::MoveToPos(int, int, int)::string 0x0800558f   Data          17  main.o(.constdata__ZZN11InduRoboter9MoveToPosEiiiEs)
    InduRoboter::MoveToPos(int, int, int)::string (instance 2) 0x080055a0   Data          20  main.o(.constdata__ZZN11InduRoboter9MoveToPosEiiiEs_0)
    Achse::goToNullPosition(cDevDisplayChar&)::string 0x080055b4   Data           8  main.o(.constdata__ZZN5Achse16goToNullPositionER15cDevDisplayCharEs)
    Achse::moveToPos(int, cDevDisplayChar&, int)::string 0x080055bc   Data          10  main.o(.constdata__ZZN5Achse9moveToPosEiR15cDevDisplayChariEs)
    Region$$Table$$Base                      0x080055c8   Number         0  anon$$obj.o(Region$$Table)
    Region$$Table$$Limit                     0x080055e8   Number         0  anon$$obj.o(Region$$Table)
    __ctype                                  0x08005611   Data           0  lc_ctype_c.o(locale$$data)
    SHT$$INIT_ARRAY$$Base                    0x08005714   Number         0  main.o(.init_array)
    SHT$$INIT_ARRAY$$Limit                   0x08005718   Number         0  init_aeabi.o(.init_array)
    sys                                      0x20000000   Data           1  main.o(.data)
    portA                                    0x20000004   Data           8  main.o(.data)
    portB                                    0x2000000c   Data           8  main.o(.data)
    portC                                    0x20000014   Data           8  main.o(.data)
    portD                                    0x2000001c   Data           8  main.o(.data)
    adc                                      0x20000024   Data           4  main.o(.data)
    spi2                                     0x20000028   Data           8  main.o(.data)
    disp                                     0x20000030   Data           8  main.o(.data)
    m1                                       0x20000038   Data           8  main.o(.data)
    m2                                       0x20000040   Data           8  main.o(.data)
    m3                                       0x20000048   Data           8  main.o(.data)
    m4                                       0x20000050   Data           8  main.o(.data)
    rtc0                                     0x20000058   Data           4  main.o(.data)
    rtc                                      0x2000005c   Data           4  main.o(.data)
    ctrMode                                  0x20000060   Data           4  main.o(.data)
    cHwPinConfig::table                      0x20000064   Data          96  main.o(.data)
    cSystem::cntInterrupt                    0x200000c4   Data           1  lib.o(.data)
    cHwRTOS_MCU::schedule                    0x200000c8   Data           4  lib.o(.data)
    cHwRTOS_MCU::sysTic                      0x200000cc   Data           4  lib.o(.data)
    cHwRTOS_MCU::sysTicTime                  0x200000d0   Data           4  lib.o(.data)
    cHwADC_0::adcPtr                         0x200000d4   Data           4  lib.o(.data)
    cHwTimer_N::timerPtr_2                   0x200000d8   Data           4  lib.o(.data)
    cHwTimer_N::timerPtr_3                   0x200000dc   Data           4  lib.o(.data)
    cHwTimer_N::timerPtr_4                   0x200000e0   Data           4  lib.o(.data)
    cHwTimer_N::timerPtr_5                   0x200000e4   Data           4  lib.o(.data)
    cHwTimer_N::timerPtr_6                   0x200000e8   Data           4  lib.o(.data)
    cHwTimer_N::timerPtr_7                   0x200000ec   Data           4  lib.o(.data)
    cHwUART_N::uartPtr_1                     0x200000f0   Data           4  lib.o(.data)
    cHwUART_N::uartPtr_2                     0x200000f4   Data           4  lib.o(.data)
    cHwUART_N::uartPtr_3                     0x200000f8   Data           4  lib.o(.data)
    cHwUSB_0::usbPtr                         0x200000fc   Data           4  lib.o(.data)
    cHwUSB_0::EPconfig::offset               0x20000100   Data           2  lib.o(.data)
    cRTOS::ptr                               0x20000114   Data           4  rtos.o(.data)
    timerFast                                0x20000118   Data          24  main.o(.bss)
    timerSlow                                0x20000130   Data          24  main.o(.bss)
    timerPWM                                 0x20000148   Data          24  main.o(.bss)
    adc0                                     0x20000160   Data          32  main.o(.bss)
    spiDisplay                               0x20000180   Data          24  main.o(.bss)
    dispHw                                   0x20000198   Data          16  main.o(.bss)
    btnRight                                 0x200001a8   Data          24  main.o(.bss)
    btnLeft                                  0x200001c0   Data          24  main.o(.bss)
    btnCtrl                                  0x200001d8   Data          24  main.o(.bss)
    enc                                      0x200001f0   Data          28  main.o(.bss)
    btnA                                     0x2000020c   Data          24  main.o(.bss)
    btnB                                     0x20000224   Data          24  main.o(.bss)
    btnC                                     0x2000023c   Data          24  main.o(.bss)
    btnD                                     0x20000254   Data          24  main.o(.bss)
    i1                                       0x2000026c   Data          24  main.o(.bss)
    i2                                       0x20000284   Data          24  main.o(.bss)
    i3                                       0x2000029c   Data          24  main.o(.bss)
    i4                                       0x200002b4   Data          24  main.o(.bss)
    e1                                       0x200002cc   Data          24  main.o(.bss)
    e2                                       0x200002e4   Data          24  main.o(.bss)
    e3                                       0x200002fc   Data          24  main.o(.bss)
    e4                                       0x20000314   Data          24  main.o(.bss)
    led0                                     0x2000032c   Data          24  main.o(.bss)
    enable                                   0x20000344   Data          24  main.o(.bss)
    motor1L                                  0x2000035c   Data          24  main.o(.bss)
    motor1R                                  0x20000374   Data          24  main.o(.bss)
    motor2L                                  0x2000038c   Data          24  main.o(.bss)
    motor2R                                  0x200003a4   Data          24  main.o(.bss)
    motor3L                                  0x200003bc   Data          24  main.o(.bss)
    motor3R                                  0x200003d4   Data          24  main.o(.bss)
    motor4L                                  0x200003ec   Data          24  main.o(.bss)
    motor4R                                  0x20000404   Data          24  main.o(.bss)
    p1                                       0x2000041c   Data          16  main.o(.bss)
    p2                                       0x2000042c   Data          16  main.o(.bss)
    p3                                       0x2000043c   Data          16  main.o(.bss)
    p4                                       0x2000044c   Data          16  main.o(.bss)
    winkel                                   0x2000045c   Data          12  main.o(.bss)
    radius                                   0x20000468   Data          12  main.o(.bss)
    hoehe                                    0x20000474   Data          12  main.o(.bss)
    g                                        0x20000480   Data          16  main.o(.bss)
    roboter                                  0x20000490   Data          20  main.o(.bss)
    taskHandler                              0x200004a4   Data          28  main.o(.bss)
    task_Example                             0x200004c0   Data          12  main.o(.bss)
    rtos                                     0x200004cc   Data          48  main.o(.bss)
    rtos_task_Example                        0x200004fc   Data          44  main.o(.bss)
    __libspace_start                         0x20000528   Data          96  libspace.o(.bss)
    __temporary_stack_top$libspace           0x20000588   Data           0  libspace.o(.bss)



==============================================================================

Memory Map of the image

  Image Entry point : 0x08000125

  Load Region LR_IROM1 (Base: 0x08000000, Size: 0x00005830, Max: 0x00040000, ABSOLUTE)

    Execution Region ER_IROM1 (Exec base: 0x08000000, Load base: 0x08000000, Size: 0x00005718, Max: 0x00040000, ABSOLUTE)

    Exec Addr    Load Addr    Size         Type   Attr      Idx    E Section Name        Object

    0x08000000   0x08000000   0x00000124   Data   RO         4623    RESET               startup_stm32l1xx_mdp.o
    0x08000124   0x08000124   0x00000008   Code   RO         5408  * !!!main             c_w.l(__main.o)
    0x0800012c   0x0800012c   0x00000034   Code   RO         6051    !!!scatter          c_w.l(__scatter.o)
    0x08000160   0x08000160   0x0000001a   Code   RO         6053    !!handler_copy      c_w.l(__scatter_copy.o)
    0x0800017a   0x0800017a   0x00000002   PAD
    0x0800017c   0x0800017c   0x0000001c   Code   RO         6055    !!handler_zi        c_w.l(__scatter_zi.o)
    0x08000198   0x08000198   0x00000000   Code   RO         5725    .ARM.Collect$$_printf_percent$$00000000  c_w.l(_printf_percent.o)
    0x08000198   0x08000198   0x00000006   Code   RO         5714    .ARM.Collect$$_printf_percent$$00000001  c_w.l(_printf_n.o)
    0x0800019e   0x0800019e   0x00000006   Code   RO         5716    .ARM.Collect$$_printf_percent$$00000002  c_w.l(_printf_p.o)
    0x080001a4   0x080001a4   0x00000006   Code   RO         5721    .ARM.Collect$$_printf_percent$$00000003  c_w.l(_printf_f.o)
    0x080001aa   0x080001aa   0x00000006   Code   RO         5722    .ARM.Collect$$_printf_percent$$00000004  c_w.l(_printf_e.o)
    0x080001b0   0x080001b0   0x00000006   Code   RO         5723    .ARM.Collect$$_printf_percent$$00000005  c_w.l(_printf_g.o)
    0x080001b6   0x080001b6   0x00000006   Code   RO         5724    .ARM.Collect$$_printf_percent$$00000006  c_w.l(_printf_a.o)
    0x080001bc   0x080001bc   0x0000000a   Code   RO         5729    .ARM.Collect$$_printf_percent$$00000007  c_w.l(_printf_ll.o)
    0x080001c6   0x080001c6   0x00000006   Code   RO         5718    .ARM.Collect$$_printf_percent$$00000008  c_w.l(_printf_i.o)
    0x080001cc   0x080001cc   0x00000006   Code   RO         5719    .ARM.Collect$$_printf_percent$$00000009  c_w.l(_printf_d.o)
    0x080001d2   0x080001d2   0x00000006   Code   RO         5720    .ARM.Collect$$_printf_percent$$0000000A  c_w.l(_printf_u.o)
    0x080001d8   0x080001d8   0x00000006   Code   RO         5717    .ARM.Collect$$_printf_percent$$0000000B  c_w.l(_printf_o.o)
    0x080001de   0x080001de   0x00000006   Code   RO         5715    .ARM.Collect$$_printf_percent$$0000000C  c_w.l(_printf_x.o)
    0x080001e4   0x080001e4   0x00000006   Code   RO         5726    .ARM.Collect$$_printf_percent$$0000000D  c_w.l(_printf_lli.o)
    0x080001ea   0x080001ea   0x00000006   Code   RO         5727    .ARM.Collect$$_printf_percent$$0000000E  c_w.l(_printf_lld.o)
    0x080001f0   0x080001f0   0x00000006   Code   RO         5728    .ARM.Collect$$_printf_percent$$0000000F  c_w.l(_printf_llu.o)
    0x080001f6   0x080001f6   0x00000006   Code   RO         5733    .ARM.Collect$$_printf_percent$$00000010  c_w.l(_printf_llo.o)
    0x080001fc   0x080001fc   0x00000006   Code   RO         5734    .ARM.Collect$$_printf_percent$$00000011  c_w.l(_printf_llx.o)
    0x08000202   0x08000202   0x0000000a   Code   RO         5730    .ARM.Collect$$_printf_percent$$00000012  c_w.l(_printf_l.o)
    0x0800020c   0x0800020c   0x00000006   Code   RO         5712    .ARM.Collect$$_printf_percent$$00000013  c_w.l(_printf_c.o)
    0x08000212   0x08000212   0x00000006   Code   RO         5713    .ARM.Collect$$_printf_percent$$00000014  c_w.l(_printf_s.o)
    0x08000218   0x08000218   0x00000006   Code   RO         5731    .ARM.Collect$$_printf_percent$$00000015  c_w.l(_printf_lc.o)
    0x0800021e   0x0800021e   0x00000006   Code   RO         5732    .ARM.Collect$$_printf_percent$$00000016  c_w.l(_printf_ls.o)
    0x08000224   0x08000224   0x00000004   Code   RO         5876    .ARM.Collect$$_printf_percent$$00000017  c_w.l(_printf_percent_end.o)
    0x08000228   0x08000228   0x00000002   Code   RO         5993    .ARM.Collect$$libinit$$00000000  c_w.l(libinit.o)
    0x0800022a   0x0800022a   0x00000000   Code   RO         5749    .ARM.Collect$$libinit$$00000002  c_w.l(libinit2.o)
    0x0800022a   0x0800022a   0x00000000   Code   RO         5751    .ARM.Collect$$libinit$$00000004  c_w.l(libinit2.o)
    0x0800022a   0x0800022a   0x00000008   Code   RO         5752    .ARM.Collect$$libinit$$00000005  c_w.l(libinit2.o)
    0x08000232   0x08000232   0x00000000   Code   RO         5754    .ARM.Collect$$libinit$$0000000A  c_w.l(libinit2.o)
    0x08000232   0x08000232   0x00000000   Code   RO         5756    .ARM.Collect$$libinit$$0000000C  c_w.l(libinit2.o)
    0x08000232   0x08000232   0x00000000   Code   RO         5758    .ARM.Collect$$libinit$$0000000E  c_w.l(libinit2.o)
    0x08000232   0x08000232   0x00000006   Code   RO         5759    .ARM.Collect$$libinit$$0000000F  c_w.l(libinit2.o)
    0x08000238   0x08000238   0x00000000   Code   RO         5761    .ARM.Collect$$libinit$$00000011  c_w.l(libinit2.o)
    0x08000238   0x08000238   0x0000000c   Code   RO         5762    .ARM.Collect$$libinit$$00000012  c_w.l(libinit2.o)
    0x08000244   0x08000244   0x00000000   Code   RO         5763    .ARM.Collect$$libinit$$00000013  c_w.l(libinit2.o)
    0x08000244   0x08000244   0x00000000   Code   RO         5765    .ARM.Collect$$libinit$$00000015  c_w.l(libinit2.o)
    0x08000244   0x08000244   0x0000000a   Code   RO         5766    .ARM.Collect$$libinit$$00000016  c_w.l(libinit2.o)
    0x0800024e   0x0800024e   0x00000000   Code   RO         5767    .ARM.Collect$$libinit$$00000017  c_w.l(libinit2.o)
    0x0800024e   0x0800024e   0x00000000   Code   RO         5769    .ARM.Collect$$libinit$$00000019  c_w.l(libinit2.o)
    0x0800024e   0x0800024e   0x00000000   Code   RO         5771    .ARM.Collect$$libinit$$0000001B  c_w.l(libinit2.o)
    0x0800024e   0x0800024e   0x00000000   Code   RO         5773    .ARM.Collect$$libinit$$0000001D  c_w.l(libinit2.o)
    0x0800024e   0x0800024e   0x00000000   Code   RO         5775    .ARM.Collect$$libinit$$0000001F  c_w.l(libinit2.o)
    0x0800024e   0x0800024e   0x00000000   Code   RO         5777    .ARM.Collect$$libinit$$00000021  c_w.l(libinit2.o)
    0x0800024e   0x0800024e   0x00000000   Code   RO         5779    .ARM.Collect$$libinit$$00000023  c_w.l(libinit2.o)
    0x0800024e   0x0800024e   0x00000000   Code   RO         5781    .ARM.Collect$$libinit$$00000025  c_w.l(libinit2.o)
    0x0800024e   0x0800024e   0x00000000   Code   RO         5785    .ARM.Collect$$libinit$$0000002C  c_w.l(libinit2.o)
    0x0800024e   0x0800024e   0x00000000   Code   RO         5787    .ARM.Collect$$libinit$$0000002E  c_w.l(libinit2.o)
    0x0800024e   0x0800024e   0x00000000   Code   RO         5789    .ARM.Collect$$libinit$$00000030  c_w.l(libinit2.o)
    0x0800024e   0x0800024e   0x00000004   Code   RO         5790    .ARM.Collect$$libinit$$00000031  c_w.l(libinit2.o)
    0x08000252   0x08000252   0x00000000   Code   RO         5791    .ARM.Collect$$libinit$$00000032  c_w.l(libinit2.o)
    0x08000252   0x08000252   0x00000002   Code   RO         5792    .ARM.Collect$$libinit$$00000033  c_w.l(libinit2.o)
    0x08000254   0x08000254   0x00000002   Code   RO         6048    .ARM.Collect$$libshutdown$$00000000  c_w.l(libshutdown.o)
    0x08000256   0x08000256   0x00000006   Code   RO         5892    .ARM.Collect$$libshutdown$$00000001  c_w.l(libshutdown2.o)
    0x0800025c   0x0800025c   0x00000000   Code   RO         5893    .ARM.Collect$$libshutdown$$00000002  c_w.l(libshutdown2.o)
    0x0800025c   0x0800025c   0x00000000   Code   RO         5895    .ARM.Collect$$libshutdown$$00000004  c_w.l(libshutdown2.o)
    0x0800025c   0x0800025c   0x00000000   Code   RO         5898    .ARM.Collect$$libshutdown$$00000007  c_w.l(libshutdown2.o)
    0x0800025c   0x0800025c   0x00000000   Code   RO         5901    .ARM.Collect$$libshutdown$$0000000A  c_w.l(libshutdown2.o)
    0x0800025c   0x0800025c   0x00000000   Code   RO         5903    .ARM.Collect$$libshutdown$$0000000C  c_w.l(libshutdown2.o)
    0x0800025c   0x0800025c   0x00000000   Code   RO         5906    .ARM.Collect$$libshutdown$$0000000F  c_w.l(libshutdown2.o)
    0x0800025c   0x0800025c   0x00000002   Code   RO         5907    .ARM.Collect$$libshutdown$$00000010  c_w.l(libshutdown2.o)
    0x0800025e   0x0800025e   0x00000000   Code   RO         5605    .ARM.Collect$$rtentry$$00000000  c_w.l(__rtentry.o)
    0x0800025e   0x0800025e   0x00000000   Code   RO         5833    .ARM.Collect$$rtentry$$00000002  c_w.l(__rtentry2.o)
    0x0800025e   0x0800025e   0x00000006   Code   RO         5845    .ARM.Collect$$rtentry$$00000004  c_w.l(__rtentry4.o)
    0x08000264   0x08000264   0x00000000   Code   RO         5835    .ARM.Collect$$rtentry$$00000009  c_w.l(__rtentry2.o)
    0x08000264   0x08000264   0x00000004   Code   RO         5836    .ARM.Collect$$rtentry$$0000000A  c_w.l(__rtentry2.o)
    0x08000268   0x08000268   0x00000000   Code   RO         5838    .ARM.Collect$$rtentry$$0000000C  c_w.l(__rtentry2.o)
    0x08000268   0x08000268   0x00000008   Code   RO         5839    .ARM.Collect$$rtentry$$0000000D  c_w.l(__rtentry2.o)
    0x08000270   0x08000270   0x00000002   Code   RO         6010    .ARM.Collect$$rtexit$$00000000  c_w.l(rtexit.o)
    0x08000272   0x08000272   0x00000000   Code   RO         6028    .ARM.Collect$$rtexit$$00000002  c_w.l(rtexit2.o)
    0x08000272   0x08000272   0x00000004   Code   RO         6029    .ARM.Collect$$rtexit$$00000003  c_w.l(rtexit2.o)
    0x08000276   0x08000276   0x00000006   Code   RO         6030    .ARM.Collect$$rtexit$$00000004  c_w.l(rtexit2.o)
    0x0800027c   0x0800027c   0x00000000   Code   RO         5858    .emb_text           c_w.l(maybetermalloc1.o)
    0x0800027c   0x0800027c   0x00000040   Code   RO         4624    .text               startup_stm32l1xx_mdp.o
    0x080002bc   0x080002bc   0x00000020   Code   RO         4628    .text               rtoscontext.o
    0x080002dc   0x080002dc   0x0000005e   Code   RO         5324    .text               c_w.l(h1_alloc.o)
    0x0800033a   0x0800033a   0x0000004e   Code   RO         5326    .text               c_w.l(h1_free.o)
    0x08000388   0x08000388   0x000000ee   Code   RO         5382    .text               c_w.l(lludivv7m.o)
    0x08000476   0x08000476   0x00000002   PAD
    0x08000478   0x08000478   0x00000034   Code   RO         5386    .text               c_w.l(c89vsnprintf.o)
    0x080004ac   0x080004ac   0x00000016   Code   RO         5388    .text               c_w.l(abort.o)
    0x080004c2   0x080004c2   0x0000002e   Code   RO         5393    .text               c_w.l(aeabi_atexit.o)
    0x080004f0   0x080004f0   0x00000006   Code   RO         5406    .text               c_w.l(heapauxi.o)
    0x080004f6   0x080004f6   0x00000002   PAD
    0x080004f8   0x080004f8   0x00000024   Code   RO         5413    .text               c_w.l(init_aeabi.o)
    0x0800051c   0x0800051c   0x0000000c   Code   RO         5601    .text               c_w.l(sys_exit.o)
    0x08000528   0x08000528   0x00000008   Code   RO         5613    .text               c_w.l(rt_heap_descriptor_intlibspace.o)
    0x08000530   0x08000530   0x00000008   Code   RO         5618    .text               c_w.l(rt_ddtor_pointer_addr_intlibspace.o)
    0x08000538   0x08000538   0x00000004   Code   RO         5620    .text               c_w.l(hguard.o)
    0x0800053c   0x0800053c   0x0000008a   Code   RO         5622    .text               c_w.l(init_alloc.o)
    0x080005c6   0x080005c6   0x0000000e   Code   RO         5626    .text               c_w.l(h1_init.o)
    0x080005d4   0x080005d4   0x0000004e   Code   RO         5644    .text               c_w.l(_printf_pad.o)
    0x08000622   0x08000622   0x00000024   Code   RO         5646    .text               c_w.l(_printf_truncate.o)
    0x08000646   0x08000646   0x00000052   Code   RO         5648    .text               c_w.l(_printf_str.o)
    0x08000698   0x08000698   0x00000078   Code   RO         5650    .text               c_w.l(_printf_dec.o)
    0x08000710   0x08000710   0x00000028   Code   RO         5652    .text               c_w.l(_printf_charcount.o)
    0x08000738   0x08000738   0x00000030   Code   RO         5654    .text               c_w.l(_printf_char_common.o)
    0x08000768   0x08000768   0x0000000a   Code   RO         5656    .text               c_w.l(_sputc.o)
    0x08000772   0x08000772   0x00000010   Code   RO         5658    .text               c_w.l(_snputc.o)
    0x08000782   0x08000782   0x00000002   PAD
    0x08000784   0x08000784   0x000000bc   Code   RO         5660    .text               c_w.l(_printf_wctomb.o)
    0x08000840   0x08000840   0x0000007c   Code   RO         5663    .text               c_w.l(_printf_longlong_dec.o)
    0x080008bc   0x080008bc   0x00000070   Code   RO         5669    .text               c_w.l(_printf_oct_int_ll.o)
    0x0800092c   0x0800092c   0x00000094   Code   RO         5689    .text               c_w.l(_printf_hex_int_ll_ptr.o)
    0x080009c0   0x080009c0   0x00000188   Code   RO         5709    .text               c_w.l(__printf_flags_ss_wp.o)
    0x08000b48   0x08000b48   0x00000042   Code   RO         5735    .text               c_w.l(cxa_finalize.o)
    0x08000b8a   0x08000b8a   0x0000000e   Code   RO         5738    .text               c_w.l(defsig_abrt_outer.o)
    0x08000b98   0x08000b98   0x00000008   Code   RO         5826    .text               c_w.l(libspace.o)
    0x08000ba0   0x08000ba0   0x00000002   Code   RO         5829    .text               c_w.l(use_no_semi.o)
    0x08000ba2   0x08000ba2   0x00000000   Code   RO         5831    .text               c_w.l(indicate_semi.o)
    0x08000ba2   0x08000ba2   0x00000034   Code   RO         5860    .text               c_w.l(h1_extend.o)
    0x08000bd6   0x08000bd6   0x0000008a   Code   RO         5864    .text               c_w.l(lludiv10.o)
    0x08000c60   0x08000c60   0x000000b2   Code   RO         5866    .text               c_w.l(_printf_intcommon.o)
    0x08000d12   0x08000d12   0x0000041e   Code   RO         5868    .text               c_w.l(_printf_fp_dec.o)
    0x08001130   0x08001130   0x0000002c   Code   RO         5872    .text               c_w.l(_printf_char.o)
    0x0800115c   0x0800115c   0x0000002c   Code   RO         5874    .text               c_w.l(_printf_wchar.o)
    0x08001188   0x08001188   0x00000040   Code   RO         5877    .text               c_w.l(_wcrtomb.o)
    0x080011c8   0x080011c8   0x0000000a   Code   RO         5879    .text               c_w.l(defsig_exit.o)
    0x080011d2   0x080011d2   0x00000002   PAD
    0x080011d4   0x080011d4   0x00000030   Code   RO         5881    .text               c_w.l(defsig_abrt_inner.o)
    0x08001204   0x08001204   0x0000000e   Code   RO         5883    .text               c_w.l(defsig_rtmem_outer.o)
    0x08001212   0x08001212   0x0000004a   Code   RO         5926    .text               c_w.l(sys_stackheap_outer.o)
    0x0800125c   0x0800125c   0x00000010   Code   RO         5928    .text               c_w.l(rt_ctype_table.o)
    0x0800126c   0x0800126c   0x00000008   Code   RO         5933    .text               c_w.l(rt_locale_intlibspace.o)
    0x08001274   0x08001274   0x00000080   Code   RO         5942    .text               c_w.l(_printf_fp_infnan.o)
    0x080012f4   0x080012f4   0x000000e4   Code   RO         5944    .text               c_w.l(bigflt0.o)
    0x080013d8   0x080013d8   0x00000012   Code   RO         5972    .text               c_w.l(exit.o)
    0x080013ea   0x080013ea   0x00000032   Code   RO         5976    .text               c_w.l(defsig_general.o)
    0x0800141c   0x0800141c   0x00000050   Code   RO         5982    .text               c_w.l(defsig_rtmem_inner.o)
    0x0800146c   0x0800146c   0x0000000e   Code   RO         6008    .text               c_w.l(sys_wrch.o)
    0x0800147a   0x0800147a   0x00000002   PAD
    0x0800147c   0x0800147c   0x00000080   Code   RO         6025    .text               c_w.l(strcmpv7m.o)
    0x080014fc   0x080014fc   0x0000003e   Code   RO         5947    CL$$btod_d2e        c_w.l(btod.o)
    0x0800153a   0x0800153a   0x00000046   Code   RO         5949    CL$$btod_d2e_denorm_low  c_w.l(btod.o)
    0x08001580   0x08001580   0x00000060   Code   RO         5948    CL$$btod_d2e_norm_op1  c_w.l(btod.o)
    0x080015e0   0x080015e0   0x00000338   Code   RO         5957    CL$$btod_div_common  c_w.l(btod.o)
    0x08001918   0x08001918   0x000000dc   Code   RO         5954    CL$$btod_e2e        c_w.l(btod.o)
    0x080019f4   0x080019f4   0x0000002a   Code   RO         5951    CL$$btod_ediv       c_w.l(btod.o)
    0x08001a1e   0x08001a1e   0x0000002a   Code   RO         5950    CL$$btod_emul       c_w.l(btod.o)
    0x08001a48   0x08001a48   0x00000244   Code   RO         5956    CL$$btod_mult_common  c_w.l(btod.o)
    0x08001c8c   0x08001c8c   0x00000028   Code   RO          659    i.ADC1_IRQHandler   lib.o
    0x08001cb4   0x08001cb4   0x0000002c   Code   RO          660    i.PendSV_Handler    lib.o
    0x08001ce0   0x08001ce0   0x0000003c   Code   RO          661    i.SysTick_Handler   lib.o
    0x08001d1c   0x08001d1c   0x00000144   Code   RO          662    i.SystemInit        lib.o
    0x08001e60   0x08001e60   0x00000010   Code   RO          663    i.TIM2_IRQHandler   lib.o
    0x08001e70   0x08001e70   0x00000010   Code   RO          664    i.TIM3_IRQHandler   lib.o
    0x08001e80   0x08001e80   0x00000010   Code   RO          665    i.TIM4_IRQHandler   lib.o
    0x08001e90   0x08001e90   0x00000010   Code   RO          666    i.TIM5_IRQHandler   lib.o
    0x08001ea0   0x08001ea0   0x00000010   Code   RO          667    i.TIM6_IRQHandler   lib.o
    0x08001eb0   0x08001eb0   0x00000010   Code   RO          668    i.TIM7_IRQHandler   lib.o
    0x08001ec0   0x08001ec0   0x00000010   Code   RO          669    i.USART1_IRQHandler  lib.o
    0x08001ed0   0x08001ed0   0x00000010   Code   RO          670    i.USART2_IRQHandler  lib.o
    0x08001ee0   0x08001ee0   0x00000010   Code   RO          671    i.USART3_IRQHandler  lib.o
    0x08001ef0   0x08001ef0   0x00000010   Code   RO          672    i.USB_LP_IRQHandler  lib.o
    0x08001f00   0x08001f00   0x0000001a   Code   RO          673    i._Z16__NVIC_EnableIRQ4IRQn  lib.o
    0x08001f1a   0x08001f1a   0x00000002   PAD
    0x08001f1c   0x08001f1c   0x00000010   Code   RO          690    i._ZN10cHwDisplayC2Ehh  lib.o
    0x08001f2c   0x08001f2c   0x00000014   Code   RO          691    i._ZN10cHwTimer_N3isrEv  lib.o
    0x08001f40   0x08001f40   0x000001d8   Code   RO          694    i._ZN10cHwTimer_NC1ENS_7TimerIdEj  lib.o
    0x08002118   0x08002118   0x0000013c   Code   RO           92    i._ZN11InduRoboter16goToNullPositionEb  main.o
    0x08002254   0x08002254   0x0000005c   Code   RO          157    i._ZN11InduRoboter16isOnNullPositionEb  main.o
    0x080022b0   0x080022b0   0x000000e0   Code   RO          113    i._ZN11InduRoboter7routineEv  main.o
    0x08002390   0x08002390   0x00000160   Code   RO          106    i._ZN11InduRoboter9MoveToPosEiii  main.o
    0x080024f0   0x080024f0   0x0000001a   Code   RO          708    i._ZN11cDevDigital3getEv  lib.o
    0x0800250a   0x0800250a   0x00000020   Code   RO          709    i._ZN11cDevDigital3setEb  lib.o
    0x0800252a   0x0800252a   0x00000028   Code   RO           64    i._ZN11cDevDigital8getEventEv  main.o
    0x08002552   0x08002552   0x00000002   PAD
    0x08002554   0x08002554   0x00000048   Code   RO          711    i._ZN11cDevDigitalC1ER7cHwPorthNS_4ModeEb  lib.o
    0x0800259c   0x0800259c   0x0000000c   Code   RO          712    i._ZN11cDevDisplayC2Ev  lib.o
    0x080025a8   0x080025a8   0x00000004   Code   RO         4776    i._ZN11cHwRTOS_MCU10deleteFuncEv  rtos.o
    0x080025ac   0x080025ac   0x00000028   Code   RO         4746    i._ZN11cHwRTOS_MCU10getSysTimeEv  rtos.o
    0x080025d4   0x080025d4   0x0000006c   Code   RO         4758    i._ZN11cHwRTOS_MCU5startEPcjPvPFjS1_E  rtos.o
    0x08002640   0x08002640   0x00000088   Code   RO          742    i._ZN12cHwPinConfig3setENS_8FunctionEj  lib.o
    0x080026c8   0x080026c8   0x000000c6   Code   RO          743    i._ZN12cHwPinConfig3setEP12GPIO_TypeDefhjh  lib.o
    0x0800278e   0x0800278e   0x0000003a   Code   RO          744    i._ZN12cHwSPImaster6Device10transceiveEPht  lib.o
    0x080027c8   0x080027c8   0x0000000e   Code   RO         3253    i._ZN12cHwSPImaster6Device4stopEv  lib.o
    0x080027d6   0x080027d6   0x0000000e   Code   RO         3247    i._ZN12cHwSPImaster6Device5startEv  lib.o
    0x080027e4   0x080027e4   0x0000004c   Code   RO          175    i._ZN12cHwSPImaster6DeviceC1ERS_R7cHwPorth  main.o
    0x08002830   0x08002830   0x0000000c   Code   RO          746    i._ZN12cHwSPImasterC2Ev  lib.o
    0x0800283c   0x0800283c   0x00000028   Code   RO          748    i._ZN12cTaskHandler4TaskC2ERS_  lib.o
    0x08002864   0x08002864   0x00000008   Code   RO         3681    i._ZN12cTaskHandler6updateEv  lib.o
    0x0800286c   0x0800286c   0x00000022   Code   RO          752    i._ZN12cTaskHandler7addTaskEPNS_4TaskE  lib.o
    0x0800288e   0x0800288e   0x00000002   PAD
    0x08002890   0x08002890   0x00000050   Code   RO          753    i._ZN12cTaskHandlerC1EP8cHwTimer  lib.o
    0x080028e0   0x080028e0   0x00000008   Code   RO          243    i._ZN13cTask_Example6updateEv  main.o
    0x080028e8   0x080028e8   0x0000003a   Code   RO          770    i._ZN14cHwSPImaster_N14transceiveByteEh  lib.o
    0x08002922   0x08002922   0x00000002   PAD
    0x08002924   0x08002924   0x00000154   Code   RO          772    i._ZN14cHwSPImaster_NC1ENS_6SPI_IDEN12cHwSPImaster4MODEENS1_11ClockPolPhaE  lib.o
    0x08002a78   0x08002a78   0x0000000e   Code   RO          791    i._ZN15cDevDisplayChar5clearEv  lib.o
    0x08002a86   0x08002a86   0x00000066   Code   RO          793    i._ZN15cDevDisplayChar6printfEhhhPKcz  lib.o
    0x08002aec   0x08002aec   0x00000024   Code   RO          795    i._ZN15cDevDisplayCharC1ER10cHwDisplay  lib.o
    0x08002b10   0x08002b10   0x0000002e   Code   RO         5027    i._ZN17cHwDisp_DIP204spi11gotoTextPosEhh  disp_dip204spi.o
    0x08002b3e   0x08002b3e   0x0000002e   Code   RO         5028    i._ZN17cHwDisp_DIP204spi4initEv  disp_dip204spi.o
    0x08002b6c   0x08002b6c   0x0000000e   Code   RO         5029    i._ZN17cHwDisp_DIP204spi5clearEv  disp_dip204spi.o
    0x08002b7a   0x08002b7a   0x00000022   Code   RO         5030    i._ZN17cHwDisp_DIP204spi7putCharEc  disp_dip204spi.o
    0x08002b9c   0x08002b9c   0x0000003a   Code   RO         5031    i._ZN17cHwDisp_DIP204spi8waitBusyEv  disp_dip204spi.o
    0x08002bd6   0x08002bd6   0x0000002e   Code   RO         5032    i._ZN17cHwDisp_DIP204spi8writeCmdEh  disp_dip204spi.o
    0x08002c04   0x08002c04   0x0000002e   Code   RO         5033    i._ZN17cHwDisp_DIP204spi8writeDatEh  disp_dip204spi.o
    0x08002c32   0x08002c32   0x00000002   PAD
    0x08002c34   0x08002c34   0x00000028   Code   RO         5034    i._ZN17cHwDisp_DIP204spiC1ERN12cHwSPImaster6DeviceE  disp_dip204spi.o
    0x08002c5c   0x08002c5c   0x00000002   Code   RO          259    i._ZN17cRtosTask_Example6OnStopEv  main.o
    0x08002c5e   0x08002c5e   0x00000002   PAD
    0x08002c60   0x08002c60   0x0000003c   Code   RO          252    i._ZN17cRtosTask_Example6updateEv  main.o
    0x08002c9c   0x08002c9c   0x00000012   Code   RO          265    i._ZN17cRtosTask_Example7OnStartEv  main.o
    0x08002cae   0x08002cae   0x00000010   Code   RO          194    i._ZN17cRtosTask_ExampleD1Ev  main.o
    0x08002cbe   0x08002cbe   0x00000064   Code   RO          833    i._ZN18cDevControlEncoder3getEv  lib.o
    0x08002d22   0x08002d22   0x00000086   Code   RO          834    i._ZN18cDevControlEncoder6updateEv  lib.o
    0x08002da8   0x08002da8   0x00000026   Code   RO          835    i._ZN18cDevControlEncoder7getCtrlEv  lib.o
    0x08002dce   0x08002dce   0x00000002   PAD
    0x08002dd0   0x08002dd0   0x00000058   Code   RO          836    i._ZN18cDevControlEncoderC2EP11cDevDigitalP8cHwTimer  lib.o
    0x08002e28   0x08002e28   0x00000074   Code   RO          863    i._ZN28cDevControlEncoderRotaryKnob12getIncrementEv  lib.o
    0x08002e9c   0x08002e9c   0x00000030   Code   RO          864    i._ZN28cDevControlEncoderRotaryKnobC1EP11cDevDigitalS1_S1_P8cHwTimer  lib.o
    0x08002ecc   0x08002ecc   0x00000090   Code   RO           85    i._ZN5Achse16goToNullPositionER15cDevDisplayChar  main.o
    0x08002f5c   0x08002f5c   0x0000001a   Code   RO          206    i._ZN5Achse16isOnNullPositionEv  main.o
    0x08002f76   0x08002f76   0x0000000a   Code   RO          126    i._ZN5Achse4getMEv  main.o
    0x08002f80   0x08002f80   0x0000008c   Code   RO          150    i._ZN5Achse4moveEi  main.o
    0x0800300c   0x0800300c   0x0000001c   Code   RO          132    i._ZN5Achse4stopEv  main.o
    0x08003028   0x08003028   0x00000006   Code   RO          138    i._ZN5Achse6getPosEv  main.o
    0x0800302e   0x0800302e   0x00000002   PAD
    0x08003030   0x08003030   0x000000ac   Code   RO           99    i._ZN5Achse9moveToPosEiR15cDevDisplayChari  main.o
    0x080030dc   0x080030dc   0x00000006   Code   RO          188    i._ZN5AchseC1ER8PositionR5Motor  main.o
    0x080030e2   0x080030e2   0x0000001a   Code   RO           43    i._ZN5Motor4stopEv  main.o
    0x080030fc   0x080030fc   0x0000001a   Code   RO           50    i._ZN5Motor8moveLeftEv  main.o
    0x08003116   0x08003116   0x0000001a   Code   RO           57    i._ZN5Motor9moveRightEv  main.o
    0x08003130   0x08003130   0x00000006   Code   RO          182    i._ZN5MotorC1ER11cDevDigitalS1_  main.o
    0x08003136   0x08003136   0x0000002c   Code   RO          869    i._ZN5cList3addEPNS_4ItemE  lib.o
    0x08003162   0x08003162   0x00000002   Code   RO         3873    i._ZN5cList4Item6updateEv  lib.o
    0x08003164   0x08003164   0x00000020   Code   RO          872    i._ZN5cList4ItemC1EPS_  lib.o
    0x08003184   0x08003184   0x00000018   Code   RO          874    i._ZN5cList9updateAllEv  lib.o
    0x0800319c   0x0800319c   0x00000006   Code   RO          875    i._ZN5cListC1Ev     lib.o
    0x080031a2   0x080031a2   0x00000002   PAD
    0x080031a4   0x080031a4   0x00000030   Code   RO         4635    i._ZN5cRTOS4StopERNS_4TaskE  rtos.o
    0x080031d4   0x080031d4   0x0000001e   Code   RO         4636    i._ZN5cRTOS4Task4StopEv  rtos.o
    0x080031f2   0x080031f2   0x00000020   Code   RO         4637    i._ZN5cRTOS4Task5PauseEt  rtos.o
    0x08003212   0x08003212   0x0000001e   Code   RO         4638    i._ZN5cRTOS4Task5StartEv  rtos.o
    0x08003230   0x08003230   0x00000022   Code   RO         4639    i._ZN5cRTOS4Task6FinishEv  rtos.o
    0x08003252   0x08003252   0x00000002   Code   RO         4770    i._ZN5cRTOS4Task6OnStopEv  rtos.o
    0x08003254   0x08003254   0x00000002   Code   RO         4764    i._ZN5cRTOS4Task7OnStartEv  rtos.o
    0x08003256   0x08003256   0x00000018   Code   RO         4640    i._ZN5cRTOS4Task7starterEPv  rtos.o
    0x0800326e   0x0800326e   0x00000002   PAD
    0x08003270   0x08003270   0x0000002c   Code   RO         4641    i._ZN5cRTOS4TaskC2ERS_j  rtos.o
    0x0800329c   0x0800329c   0x00000020   Code   RO         4643    i._ZN5cRTOS4TaskD2Ev  rtos.o
    0x080032bc   0x080032bc   0x00000018   Code   RO         4644    i._ZN5cRTOS5PauseERNS_4TaskE  rtos.o
    0x080032d4   0x080032d4   0x00000038   Code   RO         4645    i._ZN5cRTOS5StartERNS_4TaskE  rtos.o
    0x0800330c   0x0800330c   0x00000008   Code   RO         4646    i._ZN5cRTOS5Timer12getTimeOfTicEv  rtos.o
    0x08003314   0x08003314   0x0000000a   Code   RO         4647    i._ZN5cRTOS5Timer7getTicsEv  rtos.o
    0x0800331e   0x0800331e   0x00000002   PAD
    0x08003320   0x08003320   0x00000024   Code   RO         4648    i._ZN5cRTOS5TimerC1Et  rtos.o
    0x08003344   0x08003344   0x00000028   Code   RO          212    i._ZN5cRTOS8scheduleEjh  main.o
    0x0800336c   0x0800336c   0x00000014   Code   RO         4649    i._ZN5cRTOSC2Ev     rtos.o
    0x08003380   0x08003380   0x00000058   Code   RO         3159    i._ZN6cHwADC3isrEv  lib.o
    0x080033d8   0x080033d8   0x00000034   Code   RO         3152    i._ZN6cHwADC6updateEv  lib.o
    0x0800340c   0x0800340c   0x00000054   Code   RO          878    i._ZN6cHwADCC2EhP8cHwTimer  lib.o
    0x08003460   0x08003460   0x0000000c   Code   RO          880    i._ZN6cHwRTCC2Ev    lib.o
    0x0800346c   0x0800346c   0x00000024   Code   RO          887    i._ZN6cTimer3setEtt  lib.o
    0x08003490   0x08003490   0x0000001a   Code   RO          889    i._ZN6cTimer5startEtt  lib.o
    0x080034aa   0x080034aa   0x00000014   Code   RO          890    i._ZN6cTimer5startEv  lib.o
    0x080034be   0x080034be   0x0000003a   Code   RO          892    i._ZN6cTimer7timeoutEv  lib.o
    0x080034f8   0x080034f8   0x00000010   Code   RO          894    i._ZN6cTimerC2Ev    lib.o
    0x08003508   0x08003508   0x0000001c   Code   RO          169    i._ZN7Greifer4grabEiR15cDevDisplayChari  main.o
    0x08003524   0x08003524   0x00000010   Code   RO          163    i._ZN7Greifer7releaseER15cDevDisplayChar  main.o
    0x08003534   0x08003534   0x00000010   Code   RO         3694    i._ZN7cHwPort3Pin3clrEv  lib.o
    0x08003544   0x08003544   0x0000001a   Code   RO         2979    i._ZN7cHwPort3Pin3getEv  lib.o
    0x0800355e   0x0800355e   0x00000020   Code   RO         2972    i._ZN7cHwPort3Pin3setEb  lib.o
    0x0800357e   0x0800357e   0x00000010   Code   RO         3687    i._ZN7cHwPort3Pin3setEv  lib.o
    0x0800358e   0x0800358e   0x00000014   Code   RO         2965    i._ZN7cHwPort3Pin7setModeENS_4ModeE  lib.o
    0x080035a2   0x080035a2   0x00000002   PAD
    0x080035a4   0x080035a4   0x00000018   Code   RO          895    i._ZN7cHwPort3PinC1ERS_h  lib.o
    0x080035bc   0x080035bc   0x00000002   Code   RO          946    i._ZN7cSystem15disableWatchdogEv  lib.o
    0x080035be   0x080035be   0x00000002   PAD
    0x080035c0   0x080035c0   0x00000028   Code   RO          947    i._ZN7cSystem15enableInterruptEv  lib.o
    0x080035e8   0x080035e8   0x00000018   Code   RO          948    i._ZN7cSystem16disableInterruptEv  lib.o
    0x08003600   0x08003600   0x00000014   Code   RO          953    i._ZN7cSystemC1Eh   lib.o
    0x08003614   0x08003614   0x00000036   Code   RO           71    i._ZN8Position3incEv  main.o
    0x0800364a   0x0800364a   0x00000016   Code   RO           78    i._ZN8Position5isEndEv  main.o
    0x08003660   0x08003660   0x00000006   Code   RO          144    i._ZN8Position6getPosEv  main.o
    0x08003666   0x08003666   0x00000010   Code   RO          120    i._ZN8PositionC1ER11cDevDigitalS1_  main.o
    0x08003676   0x08003676   0x00000002   PAD
    0x08003678   0x08003678   0x00000020   Code   RO         3172    i._ZN8cHwADC_07startChEh  lib.o
    0x08003698   0x08003698   0x00000010   Code   RO         3166    i._ZN8cHwADC_09getResultEv  lib.o
    0x080036a8   0x080036a8   0x0000006c   Code   RO          955    i._ZN8cHwADC_0C1EP8cHwTimer  lib.o
    0x08003714   0x08003714   0x000000c0   Code   RO          957    i._ZN8cHwRTC_03getERN6cHwRTC10PropertiesE  lib.o
    0x080037d4   0x080037d4   0x00000090   Code   RO          959    i._ZN8cHwRTC_0C1Ev  lib.o
    0x08003864   0x08003864   0x0000000e   Code   RO         3134    i._ZN8cHwTimer10isrHandlerEv  lib.o
    0x08003872   0x08003872   0x00000006   Code   RO          960    i._ZN8cHwTimer12getCycleTimeEv  lib.o
    0x08003878   0x08003878   0x00000012   Code   RO          961    i._ZN8cHwTimer3addEPN5cList4ItemE  lib.o
    0x0800388a   0x0800388a   0x00000002   PAD
    0x0800388c   0x0800388c   0x000000b0   Code   RO         3121    i._ZN8cHwUSB_03isrEv  lib.o
    0x0800393c   0x0800393c   0x0000000c   Code   RO          974    i._ZN8cHwUSB_08EPconfig9clrCTR_RXEv  lib.o
    0x08003948   0x08003948   0x0000000c   Code   RO          975    i._ZN8cHwUSB_08EPconfig9clrCTR_TXEv  lib.o
    0x08003954   0x08003954   0x00000088   Code   RO          988    i._ZN9cHwPort_N10setPinModeEhN7cHwPort4ModeE  lib.o
    0x080039dc   0x080039dc   0x00000006   Code   RO         3235    i._ZN9cHwPort_N3clrEj  lib.o
    0x080039e2   0x080039e2   0x00000008   Code   RO         3241    i._ZN9cHwPort_N3getEv  lib.o
    0x080039ea   0x080039ea   0x00000006   Code   RO         3223    i._ZN9cHwPort_N3setEj  lib.o
    0x080039f0   0x080039f0   0x000000dc   Code   RO          990    i._ZN9cHwPort_NC1ENS_6PortIdE  lib.o
    0x08003acc   0x08003acc   0x00000032   Code   RO          991    i._ZN9cHwUART_N3isrEv  lib.o
    0x08003afe   0x08003afe   0x0000000e   Code   RO         4752    i._ZdlPv            rtos.o
    0x08003b0c   0x08003b0c   0x0000000c   Code   RO         3115    i._Znaj             lib.o
    0x08003b18   0x08003b18   0x00000028   Code   RO         6006    i.__ARM_fpclassify  m_ws.l(fpclassify.o)
    0x08003b40   0x08003b40   0x00000004   Code   RO          996    i.__cxa_pure_virtual  lib.o
    0x08003b44   0x08003b44   0x0000041c   Code   RO            4    i.__sti___8_main_cpp_sys  main.o
    0x08003f60   0x08003f60   0x0000000e   Code   RO         5702    i._is_digit         c_w.l(__printf_wp.o)
    0x08003f6e   0x08003f6e   0x00000002   PAD
    0x08003f70   0x08003f70   0x00000268   Code   RO            5    i.main              main.o
    0x080041d8   0x080041d8   0x0000002c   Code   RO         5970    locale$$code        c_w.l(lc_numeric_c.o)
    0x08004204   0x08004204   0x0000002c   Code   RO         6017    locale$$code        c_w.l(lc_ctype_c.o)
    0x08004230   0x08004230   0x00000020   Code   RO         3103    t._ZN5cFifoIN18cDevControlEncoder6tEventEE6isFullEv  lib.o
    0x08004250   0x08004250   0x00000040   Code   RO         3109    t._ZN5cFifoIN18cDevControlEncoder6tEventEElsERKS1_  lib.o
    0x08004290   0x08004290   0x00000034   Code   RO          271    t._ZN8cRTOS_RRILh3EE3addEj  main.o
    0x080042c4   0x080042c4   0x0000001c   Code   RO          277    t._ZN8cRTOS_RRILh3EE3delEi  main.o
    0x080042e0   0x080042e0   0x0000000a   Code   RO          283    t._ZN8cRTOS_RRILh3EE3getEi  main.o
    0x080042ea   0x080042ea   0x00000058   Code   RO          289    t._ZN8cRTOS_RRILh3EE9schedulerEjb  main.o
    0x08004342   0x08004342   0x00000002   PAD
    0x08004344   0x08004344   0x0000009c   Code   RO          200    t._ZN8cRTOS_RRILh3EEC1Ej  main.o
    0x080043e0   0x080043e0   0x00000062   Code   RO         5531    x$fpl$d2f           fz_ws.l(d2f.o)
    0x08004442   0x08004442   0x00000002   PAD
    0x08004444   0x08004444   0x00000150   Code   RO         5533    x$fpl$dadd          fz_ws.l(daddsub_clz.o)
    0x08004594   0x08004594   0x000002b0   Code   RO         5540    x$fpl$ddiv          fz_ws.l(ddiv.o)
    0x08004844   0x08004844   0x0000005a   Code   RO         5547    x$fpl$dfixu         fz_ws.l(dfixu.o)
    0x0800489e   0x0800489e   0x00000026   Code   RO         5551    x$fpl$dfltu         fz_ws.l(dflt_clz.o)
    0x080048c4   0x080048c4   0x00000154   Code   RO         5557    x$fpl$dmul          fz_ws.l(dmul.o)
    0x08004a18   0x08004a18   0x0000009c   Code   RO         5809    x$fpl$dnaninf       fz_ws.l(dnaninf.o)
    0x08004ab4   0x08004ab4   0x0000000c   Code   RO         5811    x$fpl$dretinf       fz_ws.l(dretinf.o)
    0x08004ac0   0x08004ac0   0x000001d4   Code   RO         5535    x$fpl$dsub          fz_ws.l(daddsub_clz.o)
    0x08004c94   0x08004c94   0x00000056   Code   RO         5559    x$fpl$f2d           fz_ws.l(f2d.o)
    0x08004cea   0x08004cea   0x00000018   Code   RO         5813    x$fpl$fcmpinf       fz_ws.l(fcmpi.o)
    0x08004d02   0x08004d02   0x00000002   PAD
    0x08004d04   0x08004d04   0x00000184   Code   RO         5568    x$fpl$fdiv          fz_ws.l(fdiv.o)
    0x08004e88   0x08004e88   0x0000003e   Code   RO         5577    x$fpl$ffixu         fz_ws.l(ffixu.o)
    0x08004ec6   0x08004ec6   0x00000002   PAD
    0x08004ec8   0x08004ec8   0x00000026   Code   RO         5581    x$fpl$ffltu         fz_ws.l(fflt_clz.o)
    0x08004eee   0x08004eee   0x00000002   PAD
    0x08004ef0   0x08004ef0   0x00000068   Code   RO         5587    x$fpl$fleqf         fz_ws.l(fleqf.o)
    0x08004f58   0x08004f58   0x00000102   Code   RO         5589    x$fpl$fmul          fz_ws.l(fmul.o)
    0x0800505a   0x0800505a   0x0000008c   Code   RO         5815    x$fpl$fnaninf       fz_ws.l(fnaninf.o)
    0x080050e6   0x080050e6   0x0000000a   Code   RO         5817    x$fpl$fretinf       fz_ws.l(fretinf.o)
    0x080050f0   0x080050f0   0x00000062   Code   RO         5591    x$fpl$frleqf        fz_ws.l(frleqf.o)
    0x08005152   0x08005152   0x00000004   Code   RO         5821    x$fpl$printf1       fz_ws.l(printf1.o)
    0x08005156   0x08005156   0x00000000   Code   RO         5823    x$fpl$usenofp       fz_ws.l(usenofp.o)
    0x08005156   0x08005156   0x00000002   PAD
    0x08005158   0x08005158   0x00000008   Data   RO         5661    .constdata          c_w.l(_printf_wctomb.o)
    0x08005160   0x08005160   0x00000028   Data   RO         5690    .constdata          c_w.l(_printf_hex_int_ll_ptr.o)
    0x08005188   0x08005188   0x00000011   Data   RO         5710    .constdata          c_w.l(__printf_flags_ss_wp.o)
    0x08005199   0x08005199   0x00000003   PAD
    0x0800519c   0x0800519c   0x00000094   Data   RO         5945    .constdata          c_w.l(bigflt0.o)
    0x08005230   0x08005230   0x00000020   Data   RO         3721    .constdata__ZTV10cHwDisplay  lib.o
    0x08005250   0x08005250   0x0000001c   Data   RO         2919    .constdata__ZTV10cHwTimer_N  lib.o
    0x0800526c   0x0800526c   0x00000030   Data   RO         2893    .constdata__ZTV11cDevDigital  lib.o
    0x0800529c   0x0800529c   0x00000014   Data   RO         3723    .constdata__ZTV11cDevDisplay  lib.o
    0x080052b0   0x080052b0   0x00000010   Data   RO         3737    .constdata__ZTV12cHwSPImaster  lib.o
    0x080052c0   0x080052c0   0x0000001c   Data   RO         2955    .constdata__ZTV12cTaskHandler  lib.o
    0x080052dc   0x080052dc   0x0000000c   Data   RO          220    .constdata__ZTV13cTask_Example  main.o
    0x080052e8   0x080052e8   0x00000010   Data   RO         2917    .constdata__ZTV14cHwSPImaster_N  lib.o
    0x080052f8   0x080052f8   0x00000018   Data   RO         2943    .constdata__ZTV15cDevDisplayChar  lib.o
    0x08005310   0x08005310   0x00000020   Data   RO         5091    .constdata__ZTV17cHwDisp_DIP204spi  disp_dip204spi.o
    0x08005330   0x08005330   0x00000030   Data   RO          222    .constdata__ZTV17cRtosTask_Example  main.o
    0x08005360   0x08005360   0x00000014   Data   RO         2947    .constdata__ZTV18cDevControlEncoder  lib.o
    0x08005374   0x08005374   0x00000014   Data   RO         2951    .constdata__ZTV28cDevControlEncoderRotaryKnob  lib.o
    0x08005388   0x08005388   0x00000018   Data   RO         4783    .constdata__ZTV5cRTOS  rtos.o
    0x080053a0   0x080053a0   0x00000028   Data   RO         2901    .constdata__ZTV6cHwADC  lib.o
    0x080053c8   0x080053c8   0x00000010   Data   RO         3711    .constdata__ZTV6cHwRTC  lib.o
    0x080053d8   0x080053d8   0x00000010   Data   RO         3766    .constdata__ZTV6cTimer  lib.o
    0x080053e8   0x080053e8   0x00000020   Data   RO         3706    .constdata__ZTV7cHwPort  lib.o
    0x08005408   0x08005408   0x00000028   Data   RO         2903    .constdata__ZTV8cHwADC_0  lib.o
    0x08005430   0x08005430   0x00000010   Data   RO         2915    .constdata__ZTV8cHwRTC_0  lib.o
    0x08005440   0x08005440   0x0000001c   Data   RO         2869    .constdata__ZTV8cHwTimer  lib.o
    0x0800545c   0x0800545c   0x00000018   Data   RO          224    .constdata__ZTV8cRTOS_RRILh3EE  main.o
    0x08005474   0x08005474   0x00000020   Data   RO         2873    .constdata__ZTV9cHwPort_N  lib.o
    0x08005494   0x08005494   0x0000002c   Data   RO         2875    .constdata__ZTVN12cHwSPImaster6DeviceE  lib.o
    0x080054c0   0x080054c0   0x0000000c   Data   RO         3769    .constdata__ZTVN12cTaskHandler4TaskE  lib.o
    0x080054cc   0x080054cc   0x0000000c   Data   RO         3702    .constdata__ZTVN5cList4ItemE  lib.o
    0x080054d8   0x080054d8   0x00000030   Data   RO         4743    .constdata__ZTVN5cRTOS4TaskE  rtos.o
    0x08005508   0x08005508   0x00000010   Data   RO         4745    .constdata__ZTVN5cRTOS5TimerE  rtos.o
    0x08005518   0x08005518   0x0000001c   Data   RO         3704    .constdata__ZTVN7cHwPort3PinE  lib.o
    0x08005534   0x08005534   0x00000011   Data   RO           41    .constdata__ZZN11InduRoboter16goToNullPositionEbEs  main.o
    0x08005545   0x08005545   0x00000014   Data   RO           42    .constdata__ZZN11InduRoboter16goToNullPositionEbEs_0  main.o
    0x08005559   0x08005559   0x0000000f   Data   RO           37    .constdata__ZZN11InduRoboter7routineEvEs  main.o
    0x08005568   0x08005568   0x00000014   Data   RO           38    .constdata__ZZN11InduRoboter7routineEvEs_0  main.o
    0x0800557c   0x0800557c   0x00000012   Data   RO           39    .constdata__ZZN11InduRoboter7routineEvEs_1  main.o
    0x0800558e   0x0800558e   0x00000001   Data   RO           40    .constdata__ZZN11InduRoboter7routineEvEs_2  main.o
    0x0800558f   0x0800558f   0x00000011   Data   RO           35    .constdata__ZZN11InduRoboter9MoveToPosEiiiEs  main.o
    0x080055a0   0x080055a0   0x00000014   Data   RO           36    .constdata__ZZN11InduRoboter9MoveToPosEiiiEs_0  main.o
    0x080055b4   0x080055b4   0x00000008   Data   RO           33    .constdata__ZZN5Achse16goToNullPositionER15cDevDisplayCharEs  main.o
    0x080055bc   0x080055bc   0x0000000a   Data   RO           34    .constdata__ZZN5Achse9moveToPosEiR15cDevDisplayChariEs  main.o
    0x080055c6   0x080055c6   0x00000002   PAD
    0x080055c8   0x080055c8   0x00000020   Data   RO         6049    Region$$Table       anon$$obj.o
    0x080055e8   0x080055e8   0x0000001c   Data   RO         5969    locale$$data        c_w.l(lc_numeric_c.o)
    0x08005604   0x08005604   0x00000110   Data   RO         6016    locale$$data        c_w.l(lc_ctype_c.o)
    0x08005714   0x08005714   0x00000004   Data   RO           10    .init_array         main.o
    0x08005718   0x08005714   0x00000000   Data   RO         5411    .init_array         c_w.l(init_aeabi.o)


    Execution Region RW_IRAM1 (Exec base: 0x20000000, Load base: 0x08005718, Size: 0x00001d88, Max: 0x00004000, ABSOLUTE)

    Exec Addr    Load Addr    Size         Type   Attr      Idx    E Section Name        Object

    0x20000000   0x08005718   0x000000c4   Data   RW            9    .data               main.o
    0x200000c4   0x080057dc   0x00000050   Data   RW         1336    .data               lib.o
    0x20000114   0x0800582c   0x00000004   Data   RW         4665    .data               rtos.o
    0x20000118        -       0x00000410   Zero   RW            8    .bss                main.o
    0x20000528        -       0x00000060   Zero   RW         5827    .bss                c_w.l(libspace.o)
    0x20000588        -       0x00000c00   Zero   RW         4622    HEAP                startup_stm32l1xx_mdp.o
    0x20001188        -       0x00000c00   Zero   RW         4621    STACK               startup_stm32l1xx_mdp.o


==============================================================================

Image component sizes


      Code (inc. data)   RO Data    RW Data    ZI Data      Debug   Object Name

       330          6         32          0          0      11244   disp_dip204spi.o
      4960        418        568         80          0     307783   lib.o
      4004        466        234        196       1040     236409   main.o
       598         54         88          4          0      16862   rtos.o
        32          0          0          0          0        456   rtoscontext.o
        64         26        292          0       6144        872   startup_stm32l1xx_mdp.o

    ----------------------------------------------------------------------
     10020        970       1248        280       7184     573626   Object Totals
         0          0         32          0          0          0   (incl. Generated)
        32          0          2          0          0          0   (incl. Padding)

    ----------------------------------------------------------------------

      Code (inc. data)   RO Data    RW Data    ZI Data      Debug   Library Member Name

         8          0          0          0          0         68   __main.o
       392          4         17          0          0         92   __printf_flags_ss_wp.o
        14          0          0          0          0         68   __printf_wp.o
         0          0          0          0          0          0   __rtentry.o
        12          0          0          0          0          0   __rtentry2.o
         6          0          0          0          0          0   __rtentry4.o
        52          8          0          0          0          0   __scatter.o
        26          0          0          0          0          0   __scatter_copy.o
        28          0          0          0          0          0   __scatter_zi.o
         6          0          0          0          0          0   _printf_a.o
         6          0          0          0          0          0   _printf_c.o
        44          0          0          0          0        108   _printf_char.o
        48          6          0          0          0         96   _printf_char_common.o
        40          0          0          0          0         68   _printf_charcount.o
         6          0          0          0          0          0   _printf_d.o
       120         16          0          0          0         92   _printf_dec.o
         6          0          0          0          0          0   _printf_e.o
         6          0          0          0          0          0   _printf_f.o
      1054          0          0          0          0        216   _printf_fp_dec.o
       128         16          0          0          0         84   _printf_fp_infnan.o
         6          0          0          0          0          0   _printf_g.o
       148          4         40          0          0        160   _printf_hex_int_ll_ptr.o
         6          0          0          0          0          0   _printf_i.o
       178          0          0          0          0         88   _printf_intcommon.o
        10          0          0          0          0          0   _printf_l.o
         6          0          0          0          0          0   _printf_lc.o
        10          0          0          0          0          0   _printf_ll.o
         6          0          0          0          0          0   _printf_lld.o
         6          0          0          0          0          0   _printf_lli.o
         6          0          0          0          0          0   _printf_llo.o
         6          0          0          0          0          0   _printf_llu.o
         6          0          0          0          0          0   _printf_llx.o
       124         16          0          0          0         92   _printf_longlong_dec.o
         6          0          0          0          0          0   _printf_ls.o
         6          0          0          0          0          0   _printf_n.o
         6          0          0          0          0          0   _printf_o.o
       112         10          0          0          0        124   _printf_oct_int_ll.o
         6          0          0          0          0          0   _printf_p.o
        78          0          0          0          0        108   _printf_pad.o
         0          0          0          0          0          0   _printf_percent.o
         4          0          0          0          0          0   _printf_percent_end.o
         6          0          0          0          0          0   _printf_s.o
        82          0          0          0          0         80   _printf_str.o
        36          0          0          0          0         84   _printf_truncate.o
         6          0          0          0          0          0   _printf_u.o
        44          0          0          0          0        108   _printf_wchar.o
       188          6          8          0          0         92   _printf_wctomb.o
         6          0          0          0          0          0   _printf_x.o
        16          0          0          0          0         68   _snputc.o
        10          0          0          0          0         68   _sputc.o
        64          0          0          0          0         92   _wcrtomb.o
        22          0          0          0          0         80   abort.o
        46          0          0          0          0         84   aeabi_atexit.o
       228          4        148          0          0         96   bigflt0.o
      1936        128          0          0          0        672   btod.o
        52          4          0          0          0         80   c89vsnprintf.o
        66          0          0          0          0         84   cxa_finalize.o
        48         34          0          0          0         76   defsig_abrt_inner.o
        14          0          0          0          0         80   defsig_abrt_outer.o
        10          0          0          0          0         68   defsig_exit.o
        50          0          0          0          0         88   defsig_general.o
        80         58          0          0          0         76   defsig_rtmem_inner.o
        14          0          0          0          0         80   defsig_rtmem_outer.o
        18          0          0          0          0         80   exit.o
        94          0          0          0          0         80   h1_alloc.o
        52          0          0          0          0         68   h1_extend.o
        78          0          0          0          0         80   h1_free.o
        14          0          0          0          0         84   h1_init.o
         6          0          0          0          0        152   heapauxi.o
         4          0          0          0          0        136   hguard.o
         0          0          0          0          0          0   indicate_semi.o
        36         10          0          0          0         80   init_aeabi.o
       138          0          0          0          0        168   init_alloc.o
        44         10        272          0          0         76   lc_ctype_c.o
        44         10         28          0          0         76   lc_numeric_c.o
         2          0          0          0          0          0   libinit.o
        42          0          0          0          0          0   libinit2.o
         2          0          0          0          0          0   libshutdown.o
         8          0          0          0          0          0   libshutdown2.o
         8          4          0          0         96         68   libspace.o
       138          0          0          0          0         80   lludiv10.o
       238          0          0          0          0        100   lludivv7m.o
         0          0          0          0          0          0   maybetermalloc1.o
        16          4          0          0          0         76   rt_ctype_table.o
         8          4          0          0          0         68   rt_ddtor_pointer_addr_intlibspace.o
         8          4          0          0          0         68   rt_heap_descriptor_intlibspace.o
         8          4          0          0          0         68   rt_locale_intlibspace.o
         2          0          0          0          0          0   rtexit.o
        10          0          0          0          0          0   rtexit2.o
       128          0          0          0          0         68   strcmpv7m.o
        12          4          0          0          0         68   sys_exit.o
        74          0          0          0          0         80   sys_stackheap_outer.o
        14          0          0          0          0         76   sys_wrch.o
         2          0          0          0          0         68   use_no_semi.o
        98          4          0          0          0         92   d2f.o
       804         16          0          0          0        272   daddsub_clz.o
       688        140          0          0          0        208   ddiv.o
        90          4          0          0          0         92   dfixu.o
        38          0          0          0          0         68   dflt_clz.o
       340         12          0          0          0        104   dmul.o
       156          4          0          0          0         92   dnaninf.o
        12          0          0          0          0         68   dretinf.o
        86          4          0          0          0         84   f2d.o
        24          0          0          0          0         68   fcmpi.o
       388         76          0          0          0         96   fdiv.o
        62          4          0          0          0         84   ffixu.o
        38          0          0          0          0         68   fflt_clz.o
       104          4          0          0          0         84   fleqf.o
       258          4          0          0          0         84   fmul.o
       140          4          0          0          0         84   fnaninf.o
        10          0          0          0          0         68   fretinf.o
        98          0          0          0          0         68   frleqf.o
         4          0          0          0          0         68   printf1.o
         0          0          0          0          0          0   usenofp.o
        40          0          0          0          0         68   fpclassify.o

    ----------------------------------------------------------------------
     10512        644        516          0         96       7508   Library Totals
        24          0          3          0          0          0   (incl. Padding)

    ----------------------------------------------------------------------

      Code (inc. data)   RO Data    RW Data    ZI Data      Debug   Library Name

      7010        368        513          0         96       5588   c_w.l
      3438        276          0          0          0       1852   fz_ws.l
        40          0          0          0          0         68   m_ws.l

    ----------------------------------------------------------------------
     10512        644        516          0         96       7508   Library Totals

    ----------------------------------------------------------------------

==============================================================================


      Code (inc. data)   RO Data    RW Data    ZI Data      Debug   

     20532       1614       1764        280       7280     569066   Grand Totals
     20532       1614       1764        280       7280     569066   ELF Image Totals
     20532       1614       1764        280          0          0   ROM Totals

==============================================================================

    Total RO  Size (Code + RO Data)                22296 (  21.77kB)
    Total RW  Size (RW Data + ZI Data)              7560 (   7.38kB)
    Total ROM Size (Code + RO Data + RW Data)      22576 (  22.05kB)

==============================================================================

